[info] welcome to sbt 1.11.7 (Eclipse Adoptium Java 21.0.9)
[info] loading settings for project condensedchess-build from plugins.sbt...
[info] loading project definition from C:\Codes\CondensedChess\project
[info] loading settings for project root from build.sbt...
[info] set current project to root (in build file:/C:/Codes/CondensedChess/)
[info] set current project to scalachess (in build file:/C:/Codes/CondensedChess/)
[warn] sbt 0.13 shell syntax is deprecated; use slash syntax instead: Test / compile
[info] compiling 12 Scala sources to C:\Codes\CondensedChess\core\target\scala-3.7.0\test-classes ...
[error] -- [E007] Type Mismatch Error: C:\Codes\CondensedChess\core\src\test\scala\analysis\EngineChaosTest.scala:15:31 
[error] 15 |    EnginePool.clientFactory = () => mockClient
[error]    |                               ^^^^^^^^^^^^^^^^
[error]    |Found:    () => chess.analysis.StockfishClient
[error]    |Required: scala.concurrent.ExecutionContext => chess.analysis.StockfishClient
[error]    |
[error]    | longer explanation available when compiling with `-explain`
[error] -- [E007] Type Mismatch Error: C:\Codes\CondensedChess\core\src\test\scala\analysis\EngineChaosTest.scala:19:31 
[error] 19 |    EnginePool.clientFactory = () => new StockfishClient()
[error]    |                               ^^^^^^^^^^^^^^^^^^^^^^^^^^^
[error]    |Found:    () => chess.analysis.StockfishClient
[error]    |Required: scala.concurrent.ExecutionContext => chess.analysis.StockfishClient
[error]    |
[error]    | longer explanation available when compiling with `-explain`
[error] -- [E008] Not Found Error: C:\Codes\CondensedChess\core\src\test\scala\analysis\FeatureExtractorTest.scala:150:27 
[error] 150 |    assert(fWrong.geometry.whiteWrongBishop, "Should be wrong bishop (Light bishop vs Dark h8)")
[error]     |           ^^^^^^^^^^^^^^^^^^^^^^^^^^^^^^^^
[error]     |value whiteWrongBishop is not a member of chess.analysis.FeatureExtractor.GeometricFacts
[error] -- [E008] Not Found Error: C:\Codes\CondensedChess\core\src\test\scala\analysis\FeatureExtractorTest.scala:157:28 
[error] 157 |    assert(!fRight.geometry.whiteWrongBishop, "Should NOT be wrong bishop (Light bishop vs Light a8)")
[error]     |            ^^^^^^^^^^^^^^^^^^^^^^^^^^^^^^^^
[error]     |value whiteWrongBishop is not a member of chess.analysis.FeatureExtractor.GeometricFacts
[error] -- [E172] Type Error: C:\Codes\CondensedChess\core\src\test\scala\analysis\MockStockfish.scala:11:51 
[error] 11 |class MockStockfish extends StockfishClient("mock") {
[error]    |                                                   ^
[error]    |Cannot find an implicit ExecutionContext. You might add
[error]    |an (implicit ec: ExecutionContext) parameter to your method.
[error]    |
[error]    |The ExecutionContext is used to configure how and on which
[error]    |thread pools asynchronous tasks (such as Futures) will run,
[error]    |so the specific ExecutionContext that is selected is important.
[error]    |
[error]    |If your application does not define an ExecutionContext elsewhere,
[error]    |consider using Scala's global ExecutionContext by defining
[error]    |the following:
[error]    |
[error]    |implicit val ec: scala.concurrent.ExecutionContext = scala.concurrent.ExecutionContext.global
[error]    |
[error]    |The following import might fix the problem:
[error]    |
[error]    |  import scala.concurrent.ExecutionContext.Implicits.global
[error]    |
[error] 5 errors found
[error] (Test / compileIncremental) Compilation failed
[error] Total time: 13 s, completed 2025. 12. 20. 오전 3:54:04
