[info] welcome to sbt 1.11.7 (Eclipse Adoptium Java 21.0.9)
[info] loading settings for project condensedchess-build from plugins.sbt...
[info] loading project definition from C:\Codes\CondensedChess\project
[info] loading settings for project root from build.sbt...
[info] set current project to root (in build file:/C:/Codes/CondensedChess/)
[info] set current project to scalachess (in build file:/C:/Codes/CondensedChess/)
Running Golden Test: endgame
sbt : [opening] failed to open db at /app/opening/masters_stats.db
At line:1 char:1
+ sbt "project scalachess" "testOnly chess.analysis.GoldenAnalysisTest" ...
+ ~~~~~~~~~~~~~~~~~~~~~~~~~~~~~~~~~~~~~~~~~~~~~~~~~~~~~~~~~~~~~~~~~~~~~
    + CategoryInfo          : NotSpecified: ([opening] faile...asters_stats.db:String) [], RemoteException
    + FullyQualifiedErrorId : NativeCommandError
 
java.sql.SQLException: path to '/app/opening/masters_stats.db': 'C:\app' does not exist
	at org.sqlite.SQLiteConnection.open(SQLiteConnection.java:261)
	at org.sqlite.SQLiteConnection.<init>(SQLiteConnection.java:67)
	at org.sqlite.jdbc3.JDBC3Connection.<init>(JDBC3Connection.java:28)
	at org.sqlite.jdbc4.JDBC4Connection.<init>(JDBC4Connection.java:19)
	at org.sqlite.JDBC.createConnection(JDBC.java:106)
	at org.sqlite.JDBC.connect(JDBC.java:79)
	at java.sql/java.sql.DriverManager.getConnection(DriverManager.java:683)
	at java.sql/java.sql.DriverManager.getConnection(DriverManager.java:253)
	at chess.analysis.OpeningExplorer$.connections$lzyINIT1$$anonfun$1(OpeningExplorer.scala:85)
	at scala.collection.immutable.List.flatMap(List.scala:294)
	at chess.analysis.OpeningExplorer$.connections$lzyINIT1(OpeningExplorer.scala:83)
	at chess.analysis.OpeningExplorer$.connections(OpeningExplorer.scala:83)
	at chess.analysis.OpeningExplorer$.explore$$anonfun$1(OpeningExplorer.scala:97)
	at scala.Option.orElse(Option.scala:477)
	at chess.analysis.OpeningExplorer$.explore(OpeningExplorer.scala:120)
	at chess.analysis.AnalyzePgn$.analyze(AnalyzePgn.scala:55)
	at chess.analysis.GoldenAnalysisTest.$init$$$anonfun$1$$anonfun$2(GoldenAnalysisTest.scala:47)
	at java.base/java.util.stream.ForEachOps$ForEachOp$OfRef.accept(ForEachOps.java:184)
	at java.base/java.util.stream.ReferencePipeline$2$1.accept(ReferencePipeline.java:179)
	at java.base/java.util.Iterator.forEachRemaining(Iterator.java:133)
	at java.base/java.util.Spliterators$IteratorSpliterator.forEachRemaining(Spliterators.java:1939)
	at java.base/java.util.stream.AbstractPipeline.copyInto(AbstractPipeline.java:509)
	at java.base/java.util.stream.AbstractPipeline.wrapAndCopyInto(AbstractPipeline.java:499)
	at java.base/java.util.stream.ForEachOps$ForEachOp.evaluateSequential(ForEachOps.java:151)
	at java.base/java.util.stream.ForEachOps$ForEachOp$OfRef.evaluateSequential(ForEachOps.java:174)
	at java.base/java.util.stream.AbstractPipeline.evaluate(AbstractPipeline.java:234)
	at java.base/java.util.stream.ReferencePipeline.forEach(ReferencePipeline.java:596)
	at chess.analysis.GoldenAnalysisTest.$init$$$anonfun$1(GoldenAnalysisTest.scala:39)
	at munit.internal.console.StackTraces$.dropOutside(StackTraces.scala:12)
	at munit.ValueTransforms.$anonfun$3(ValueTransforms.scala:37)
	at scala.util.Try$.apply(Try.scala:217)
	at munit.ValueTransforms.munitValueTransform(ValueTransforms.scala:37)
	at munit.ValueTransforms.munitValueTransform$(ValueTransforms.scala:8)
	at munit.FunSuite.munitValueTransform(FunSuite.scala:11)
	at munit.BaseFunSuite.test$$anonfun$1$$anonfun$1(FunSuite.scala:37)
	at munit.internal.PlatformCompat$$anon$3.run(PlatformCompat.scala:69)
	at munit.Suite$$anon$1.execute(Suite.scala:28)
	at munit.internal.PlatformCompat$.waitAtMost(PlatformCompat.scala:74)
	at munit.BaseFunSuite.waitForCompletion(FunSuite.scala:51)
	at munit.BaseFunSuite.test$$anonfun$1(FunSuite.scala:37)
	at munit.MUnitRunner.$anonfun$6$$anonfun$1(MUnitRunner.scala:347)
	at munit.internal.console.StackTraces$.dropOutside(StackTraces.scala:12)
	at munit.MUnitRunner.$anonfun$6(MUnitRunner.scala:347)
	at scala.concurrent.impl.Promise$Transformation.run(Promise.scala:470)
	at munit.Suite$$anon$1.execute(Suite.scala:28)
	at scala.concurrent.impl.Promise$Transformation.submitWithValue(Promise.scala:429)
	at scala.concurrent.impl.Promise$DefaultPromise.submitWithValue(Promise.scala:338)
	at scala.concurrent.impl.Promise$DefaultPromise.dispatchOrAddCallbacks(Promise.scala:312)
	at scala.concurrent.impl.Promise$DefaultPromise.flatMap(Promise.scala:176)
	at munit.MUnitRunner.runTestBody(MUnitRunner.scala:357)
	at munit.MUnitRunner.runTest(MUnitRunner.scala:324)
	at munit.MUnitRunner.runTests$$anonfun$1(MUnitRunner.scala:140)
	at scala.collection.Iterator$$anon$9.next(Iterator.scala:584)
	at munit.MUnitRunner.loop$1(MUnitRunner.scala:155)
	at munit.MUnitRunner.sequenceFutures(MUnitRunner.scala:168)
	at munit.MUnitRunner.runTests(MUnitRunner.scala:140)
	at munit.MUnitRunner.runAll$$anonfun$1(MUnitRunner.scala:188)
	at scala.concurrent.impl.Promise$Transformation.run(Promise.scala:470)
	at munit.Suite$$anon$1.execute(Suite.scala:28)
	at scala.concurrent.impl.Promise$Transformation.submitWithValue(Promise.scala:429)
	at scala.concurrent.impl.Promise$DefaultPromise.submitWithValue(Promise.scala:338)
	at scala.concurrent.impl.Promise$DefaultPromise.dispatchOrAddCallbacks(Promise.scala:312)
	at scala.concurrent.impl.Promise$DefaultPromise.flatMap(Promise.scala:176)
	at munit.MUnitRunner.runAll(MUnitRunner.scala:194)
	at munit.MUnitRunner.runAsync(MUnitRunner.scala:126)
	at munit.MUnitRunner.run(MUnitRunner.scala:121)
	at munit.internal.junitinterface.JUnitRunnerWrapper.run(JUnitRunnerWrapper.java:24)
	at org.junit.runners.Suite.runChild(Suite.java:128)
	at org.junit.runners.Suite.runChild(Suite.java:27)
	at org.junit.runners.ParentRunner$4.run(ParentRunner.java:331)
	at org.junit.runners.ParentRunner$1.schedule(ParentRunner.java:79)
	at org.junit.runners.ParentRunner.runChildren(ParentRunner.java:329)
	at org.junit.runners.ParentRunner.access$100(ParentRunner.java:66)
	at org.junit.runners.ParentRunner$2.evaluate(ParentRunner.java:293)
	at org.junit.runners.ParentRunner$3.evaluate(ParentRunner.java:306)
	at org.junit.runners.ParentRunner.run(ParentRunner.java:413)
	at org.junit.runner.JUnitCore.run(JUnitCore.java:137)
	at org.junit.runner.JUnitCore.run(JUnitCore.java:115)
	at munit.internal.junitinterface.JUnitTask.execute(JUnitTask.java:87)
	at sbt.TestRunner.runTest$1(TestFramework.scala:153)
	at sbt.TestRunner.run(TestFramework.scala:168)
	at sbt.TestFramework$$anon$3$$anonfun$$lessinit$greater$1.$anonfun$apply$1(TestFramework.scala:336)
	at sbt.TestFramework$.sbt$TestFramework$$withContextLoader(TestFramework.scala:296)
	at sbt.TestFramework$$anon$3$$anonfun$$lessinit$greater$1.apply(TestFramework.scala:336)
	at sbt.TestFramework$$anon$3$$anonfun$$lessinit$greater$1.apply(TestFramework.scala:336)
	at sbt.TestFunction.apply(TestFramework.scala:348)
	at sbt.Tests$.$anonfun$toTask$1(Tests.scala:436)
	at sbt.std.Transform$$anon$3.$anonfun$apply$2(Transform.scala:47)
	at sbt.std.Transform$$anon$4.work(Transform.scala:69)
	at sbt.Execute.$anonfun$submit$2(Execute.scala:283)
	at sbt.internal.util.ErrorHandling$.wideConvert(ErrorHandling.scala:24)
	at sbt.Execute.work(Execute.scala:292)
	at sbt.Execute.$anonfun$submit$1(Execute.scala:283)
	at sbt.ConcurrentRestrictions$$anon$4.$anonfun$submitValid$1(ConcurrentRestrictions.scala:265)
	at sbt.CompletionService$$anon$2.call(CompletionService.scala:65)
	at java.base/java.util.concurrent.FutureTask.run(FutureTask.java:317)
	at java.base/java.util.concurrent.Executors$RunnableAdapter.call(Executors.java:572)
	at java.base/java.util.concurrent.FutureTask.run(FutureTask.java:317)
	at java.base/java.util.concurrent.ThreadPoolExecutor.runWorker(ThreadPoolExecutor.java:1144)
	at java.base/java.util.concurrent.ThreadPoolExecutor$Worker.run(ThreadPoolExecutor.java:642)
	at java.base/java.lang.Thread.run(Thread.java:1583)
06:11:29.699 [pool-6-thread-2] INFO  chess.analysis.BookBuilder - Generated Book: OpeningReview: 1. Tags: Greed=0, Refuted=0
[32mchess.analysis.GoldenAnalysisTest:[0m
[91m==> X [0m[91mchess.analysis.GoldenAnalysisTest[0m.[91mGolden PGN Regression[0m  [90m2.828s[0m munit.FailException: C:\Codes\CondensedChess\core\src\test\scala\analysis\GoldenAnalysisTest.scala:62
61:          catch
[7m62:             case e: Throwable => fail(s"Exception in golden test $name: $e")[0m
63:        }
Exception in golden test endgame: munit.ComparisonFailException: C:\Codes\CondensedChess\core\src\test\scala\analysis\GoldenAnalysisTest.scala:60
59:                  val expected = normalizeJson(Files.readString(jsonPath, StandardCharsets.UTF_8))
[7m60:                  assertEquals(json, expected, s"Golden file mismatch for $name. Run with UPDATE_GOLDEN=true to approve.")[0m
61:          catch
Golden file mismatch for endgame. Run with UPDATE_GOLDEN=true to approve.
[1m=> Diff[0m ([91m- obtained[0m, [92m+ expected[0m)
[91m-{"schemaVersion":4,"createdAt":"2025-12-19T21:11:29.716288100Z","engineInfo":{"name":"Stockfish 16","depth":"Variable"},"root":{"ply":1,"san":"Kc3","uci":"c2c3","fen":"8/8/8/8/p7/P1K5/k7/8 b - - 1 1","eval":-9.00,"evalType":"cp","judgement":"good","glyph":"!","nodeType":"mainline","tags":["dry_position","drawish_position","white_comfortable_position"],"bestMove":"c2d2","bestEval":-9.00,"pv":["c2d2","a2a3","d2c3","a3a2","c3c2","a4a3"],"concepts":{"dynamic":0.09,"drawish":0.80,"imbalanced":0.04,"tacticalDepth":0.00,"blunderRisk":0.00,"pawnStorm":0.00,"fortress":0.78,"colorComplex":0.37,"badBishop":0.00,"goodKnight":0.00,"rookActivity":0.00,"kingSafety":0.13,"dry":1.00,"comfortable":1.00,"unpleasant":0.00,"engineLike":0.00,"conversionDifficulty":0.00,"sacrificeQuality":0.00,"alphaZeroStyle":0.07},"features":{"pawnIslands":1,"isolatedPawns":1,"doubledPawns":0,"passedPawns":0,"rookOpenFiles":7,"rookSemiOpenFiles":0,"bishopPair":false,"kingRingPressure":2,"spaceControl":3},"children":[{"ply":2,"san":"Kxa3","uci":"a2a3","fen":"8/8/8/8/p7/k1K5/8/8 w - - 0 2","eval":12.00,"evalType":"cp","judgement":"best","glyph":"!","nodeType":"mainline","tags":["dry_position","black_comfortable_position"],"bestMove":"a2a3","bestEval":12.00,"pv":["a2a3","c3c2","a3a2","c2c1","a2b3","c1b1","a4a3","b1a1","b3c4","a1a2","c4c3"],"concepts":{"dynamic":0.34,"drawish":0.34,"imbalanced":0.16,"tacticalDepth":0.00,"blunderRisk":0.00,"pawnStorm":0.00,"fortress":0.73,"colorComplex":0.10,"badBishop":0.00,"goodKnight":0.00,"rookActivity":0.00,"kingSafety":0.15,"dry":0.97,"comfortable":1.00,"unpleasant":0.00,"engineLike":0.00,"conversionDifficulty":0.00,"sacrificeQuality":0.00,"alphaZeroStyle":0.09},"features":{"pawnIslands":1,"isolatedPawns":1,"doubledPawns":0,"passedPawns":1,"rookOpenFiles":7,"rookSemiOpenFiles":0,"bishopPair":false,"kingRingPressure":1,"spaceControl":5},"children":[{"ply":3,"san":"Kc2","uci":"c3c2","fen":"8/8/8/8/p7/k7/2K5/8 b - - 1 2","eval":-22.00,"evalType":"cp","judgement":"good","glyph":"!","nodeType":"mainline","tags":["dry_position","white_comfortable_position"],"bestMove":"c3c2","bestEval":-22.00,"pv":["c3c2","a3b4","c2b2","b4c4","b2a3","c4c3"],"concepts":{"dynamic":0.05,"drawish":0.47,"imbalanced":0.22,"tacticalDepth":0.00,"blunderRisk":0.00,"pawnStorm":0.00,"fortress":0.79,"colorComplex":0.37,"badBishop":0.00,"goodKnight":0.00,"rookActivity":0.00,"kingSafety":0.13,"dry":1.00,"comfortable":1.00,"unpleasant":0.00,"engineLike":0.00,"conversionDifficulty":0.00,"sacrificeQuality":0.00,"alphaZeroStyle":0.09},"features":{"pawnIslands":0,"isolatedPawns":0,"doubledPawns":0,"passedPawns":0,"rookOpenFiles":7,"rookSemiOpenFiles":1,"bishopPair":false,"kingRingPressure":2,"spaceControl":0},"children":[{"ply":4,"san":"Ka2","uci":"a3a2","fen":"8/8/8/8/p7/8/k1K5/8 w - - 2 3","eval":24.00,"evalType":"cp","judgement":"good","glyph":"!","nodeType":"mainline","tags":["dry_position","black_space_advantage","black_comfortable_position"],"bestMove":"a3b4","bestEval":24.00,"pv":["a3b4","c2b2","a4a3","b2a2","b4c4","a2a3"],"concepts":{"dynamic":0.09,"drawish":0.50,"imbalanced":0.22,"tacticalDepth":0.00,"blunderRisk":0.00,"pawnStorm":0.00,"fortress":0.78,"colorComplex":0.10,"badBishop":0.00,"goodKnight":0.00,"rookActivity":0.00,"kingSafety":0.15,"dry":1.00,"comfortable":1.00,"unpleasant":0.00,"engineLike":0.00,"conversionDifficulty":0.00,"sacrificeQuality":0.00,"alphaZeroStyle":0.07},"features":{"pawnIslands":1,"isolatedPawns":1,"doubledPawns":0,"passedPawns":1,"rookOpenFiles":7,"rookSemiOpenFiles":0,"bishopPair":false,"kingRingPressure":1,"spaceControl":5},"children":[{"ply":5,"san":"Kc1","uci":"c2c1","fen":"8/8/8/8/p7/8/k7/2K5 b - - 3 3","eval":-16.00,"evalType":"cp","judgement":"good","glyph":"!","nodeType":"mainline","tags":["white_fortress_defense","dry_position","white_comfortable_position"],"bestMove":"c2c3","bestEval":-16.00,"pv":["c2c3","a2a3","c3c2","a3b4","c2b2","a4a3","b2b1"],"concepts":{"dynamic":0.03,"drawish":0.53,"imbalanced":0.22,"tacticalDepth":0.00,"blunderRisk":0.00,"pawnStorm":0.00,"fortress":0.75,"colorComplex":0.37,"badBishop":0.00,"goodKnight":0.00,"rookActivity":0.00,"kingSafety":0.08,"dry":1.00,"comfortable":1.00,"unpleasant":0.00,"engineLike":0.00,"conversionDifficulty":0.00,"sacrificeQuality":0.00,"alphaZeroStyle":0.08},"features":{"pawnIslands":0,"isolatedPawns":0,"doubledPawns":0,"passedPawns":0,"rookOpenFiles":7,"rookSemiOpenFiles":1,"bishopPair":false,"kingRingPressure":1,"spaceControl":0},"children":[{"ply":6,"san":"a3","uci":"a4a3","fen":"8/8/8/8/8/p7/k7/2K5 w - - 0 4","eval":16.00,"evalType":"cp","judgement":"good","glyph":"!","nodeType":"mainline","tags":["dry_position","black_space_advantage","black_comfortable_position"],"bestMove":"a2b3","bestEval":16.00,"pv":["a2b3","c1b1","a4a3","b1a1","b3c4","a1a2","c4c3"],"concepts":{"dynamic":0.09,"drawish":0.59,"imbalanced":0.22,"tacticalDepth":0.00,"blunderRisk":0.00,"pawnStorm":0.00,"fortress":0.78,"colorComplex":0.27,"badBishop":0.00,"goodKnight":0.00,"rookActivity":0.00,"kingSafety":0.15,"dry":1.00,"comfortable":1.00,"unpleasant":0.00,"engineLike":0.00,"conversionDifficulty":0.00,"sacrificeQuality":0.00,"alphaZeroStyle":0.09},"features":{"pawnIslands":1,"isolatedPawns":1,"doubledPawns":0,"passedPawns":1,"rookOpenFiles":7,"rookSemiOpenFiles":0,"bishopPair":false,"kingRingPressure":1,"spaceControl":5},"children":[{"ply":7,"san":"Kc2","uci":"c1c2","fen":"8/8/8/8/8/p7/k1K5/8 b - - 1 4","eval":0.00,"evalType":"cp","judgement":"best","glyph":"!","nodeType":"mainline","tags":["white_fortress_defense","dry_position","white_comfortable_position"],"bestMove":"c1c2","bestEval":0.00,"pv":["c1c2","a2a1","c2c1","a3a2","c1c2"],"concepts":{"dynamic":0.05,"drawish":0.62,"imbalanced":0.22,"tacticalDepth":0.00,"blunderRisk":0.00,"pawnStorm":0.00,"fortress":0.79,"colorComplex":0.37,"badBishop":0.00,"goodKnight":0.00,"rookActivity":0.00,"kingSafety":0.13,"dry":1.00,"comfortable":1.00,"unpleasant":0.00,"engineLike":0.00,"conversionDifficulty":0.00,"sacrificeQuality":0.00,"alphaZeroStyle":0.09},"features":{"pawnIslands":0,"isolatedPawns":0,"doubledPawns":0,"passedPawns":0,"rookOpenFiles":7,"rookSemiOpenFiles":1,"bishopPair":false,"kingRingPressure":2,"spaceControl":0},"children":[{"ply":8,"san":"Ka1","uci":"a2a1","fen":"8/8/8/8/8/p7/2K5/k7 w - - 2 5","eval":0.00,"evalType":"cp","judgement":"best","glyph":"!","nodeType":"mainline","tags":["dry_position","black_space_advantage","black_comfortable_position"],"bestMove":"a2a1","bestEval":0.00,"pv":["a2a1","c2c1","a3a2","c1c2"],"concepts":{"dynamic":0.06,"drawish":0.61,"imbalanced":0.18,"tacticalDepth":0.00,"blunderRisk":0.00,"pawnStorm":0.00,"fortress":0.79,"colorComplex":0.10,"badBishop":0.00,"goodKnight":0.00,"rookActivity":0.00,"kingSafety":0.15,"dry":1.00,"comfortable":1.00,"unpleasant":0.00,"engineLike":0.00,"conversionDifficulty":0.00,"sacrificeQuality":0.00,"alphaZeroStyle":0.07},"features":{"pawnIslands":1,"isolatedPawns":1,"doubledPawns":0,"passedPawns":1,"rookOpenFiles":7,"rookSemiOpenFiles":0,"bishopPair":false,"kingRingPressure":1,"spaceControl":3},"children":[{"ply":9,"san":"Kc1","uci":"c2c1","fen":"8/8/8/8/8/p7/8/k1K5 b - - 3 5","eval":0.00,"evalType":"cp","judgement":"best","glyph":"!","nodeType":"mainline","tags":["white_fortress_defense","dry_position","white_comfortable_position"],"bestMove":"c2c1","bestEval":0.00,"pv":["c2c1","a3a2","c1c2"],"concepts":{"dynamic":0.05,"drawish":0.62,"imbalanced":0.18,"tacticalDepth":0.00,"blunderRisk":0.00,"pawnStorm":0.00,"fortress":0.75,"colorComplex":0.45,"badBishop":0.00,"goodKnight":0.00,"rookActivity":0.00,"kingSafety":0.13,"dry":1.00,"comfortable":1.00,"unpleasant":0.00,"engineLike":0.00,"conversionDifficulty":0.00,"sacrificeQuality":0.00,"alphaZeroStyle":0.10},"features":{"pawnIslands":0,"isolatedPawns":0,"doubledPawns":0,"passedPawns":0,"rookOpenFiles":7,"rookSemiOpenFiles":1,"bishopPair":false,"kingRingPressure":2,"spaceControl":0},"children":[{"ply":10,"san":"a2","uci":"a3a2","fen":"8/8/8/8/8/8/p7/k1K5 w - - 0 6","eval":0.00,"evalType":"cp","judgement":"best","glyph":"!","nodeType":"mainline","tags":["dry_position","black_space_advantage","black_comfortable_position"],"bestMove":"a1a2","bestEval":0.00,"pv":["a1a2","c1c2","a2a1","c2c1"],"concepts":{"dynamic":0.06,"drawish":0.61,"imbalanced":0.18,"tacticalDepth":0.00,"blunderRisk":0.00,"pawnStorm":0.00,"fortress":0.79,"colorComplex":0.27,"badBishop":0.00,"goodKnight":0.00,"rookActivity":0.00,"kingSafety":0.15,"dry":1.00,"comfortable":1.00,"unpleasant":0.00,"engineLike":0.00,"conversionDifficulty":0.00,"sacrificeQuality":0.00,"alphaZeroStyle":0.08},"features":{"pawnIslands":1,"isolatedPawns":1,"doubledPawns":0,"passedPawns":1,"rookOpenFiles":7,"rookSemiOpenFiles":0,"bishopPair":false,"kingRingPressure":1,"spaceControl":3},"children":[{"ply":11,"san":"Kc2","uci":"c1c2","fen":"8/8/8/8/8/8/p1K5/k7 b - - 1 6","eval":0.00,"evalType":"cp","judgement":"draw","glyph":"","nodeType":"mainline","tags":["white_fortress_defense","dry_position","white_comfortable_position"],"bestMove":"c1c2","bestEval":0.00,"pv":["c1c2"],"concepts":{"dynamic":0.05,"drawish":0.62,"imbalanced":0.18,"tacticalDepth":0.00,"blunderRisk":0.00,"pawnStorm":0.00,"fortress":0.79,"colorComplex":0.45,"badBishop":0.00,"goodKnight":0.00,"rookActivity":0.00,"kingSafety":0.13,"dry":1.00,"comfortable":1.00,"unpleasant":0.00,"engineLike":0.00,"conversionDifficulty":0.00,"sacrificeQuality":0.00,"alphaZeroStyle":0.10},"features":{"pawnIslands":0,"isolatedPawns":0,"doubledPawns":0,"passedPawns":0,"rookOpenFiles":7,"rookSemiOpenFiles":1,"bishopPair":false,"kingRingPressure":2,"spaceControl":0},"children":[]}]}]}]}]},{"ply":6,"san":"Ka3","uci":"a2a3","fen":"8/8/8/8/p7/k7/8/2K5 w - - 4 4","eval":1.00,"evalType":"cp","judgement":"variation","glyph":"","nodeType":"critical","tags":["variation"],"pv":["c1b1","a3b3","b1a1","b3c3","a1b1","c3b4","b1b2"],"children":[{"ply":7,"san":"Kb1","uci":"c1b1","fen":"8/8/8/8/p7/k7/8/1K6 b - - 5 4","eval":1.00,"evalType":"cp","judgement":"variation","glyph":"","nodeType":"variation","tags":["variation"],"pv":["a3b3","b1a1","b3c3","a1b1","c3b4","b1b2"],"children":[{"ply":8,"san":"Kb3","uci":"a3b3","fen":"8/8/8/8/p7/1k6/8/1K6 w - - 6 5","eval":1.00,"evalType":"cp","judgement":"variation","glyph":"","nodeType":"variation","tags":["variation"],"pv":["b1a1","b3c3","a1b1","c3b4","b1b2"],"children":[{"ply":9,"san":"Ka1","uci":"b1a1","fen":"8/8/8/8/p7/1k6/8/K7 b - - 7 5","eval":1.00,"evalType":"cp","judgement":"variation","glyph":"","nodeType":"variation","tags":["variation"],"pv":["b3c3","a1b1","c3b4","b1b2"],"children":[{"ply":10,"san":"Kc3","uci":"b3c3","fen":"8/8/8/8/p7/2k5/8/K7 w - - 8 6","eval":1.00,"evalType":"cp","judgement":"variation","glyph":"","nodeType":"variation","tags":["variation"],"pv":["a1b1","c3b4","b1b2"],"children":[{"ply":11,"san":"Kb1","uci":"a1b1","fen":"8/8/8/8/p7/2k5/8/1K6 b - - 9 6","eval":1.00,"evalType":"cp","judgement":"variation","glyph":"","nodeType":"variation","tags":["variation"],"pv":["c3b4","b1b2"],"children":[{"ply":12,"san":"Kb4","uci":"c3b4","fen":"8/8/8/8/pk6/8/8/1K6 w - - 10 7","eval":1.00,"evalType":"cp","judgement":"variation","glyph":"","nodeType":"variation","tags":["variation"],"pv":["b1b2"],"children":[{"ply":13,"san":"Kb2","uci":"b1b2","fen":"8/8/8/8/pk6/8/1K6/8 b - - 11 7","eval":1.00,"evalType":"cp","judgement":"variation","glyph":"","nodeType":"variation","tags":["variation"],"children":[]}]}]}]}]}]}]}]},{"ply":6,"san":"Ka1","uci":"a2a1","fen":"8/8/8/8/p7/8/8/k1K5 w - - 4 4","eval":0.00,"evalType":"cp","judgement":"variation","glyph":"","nodeType":"sideline","tags":["variation"],"pv":["c1c2","a1a2","c2c1","a2a3","c1b1","a3b4","b1b2","a4a3","b2a2"],"children":[{"ply":7,"san":"Kc2","uci":"c1c2","fen":"8/8/8/8/p7/8/2K5/k7 b - - 5 4","eval":0.00,"evalType":"cp","judgement":"variation","glyph":"","nodeType":"variation","tags":["variation"],"pv":["a1a2","c2c1","a2a3","c1b1","a3b4","b1b2","a4a3","b2a2"],"children":[{"ply":8,"san":"Ka2","uci":"a1a2","fen":"8/8/8/8/p7/8/k1K5/8 w - - 6 5","eval":0.00,"evalType":"cp","judgement":"variation","glyph":"","nodeType":"variation","tags":["variation"],"pv":["c2c1","a2a3","c1b1","a3b4","b1b2","a4a3","b2a2"],"children":[{"ply":9,"san":"Kc1","uci":"c2c1","fen":"8/8/8/8/p7/8/k7/2K5 b - - 7 5","eval":0.00,"evalType":"cp","judgement":"variation","glyph":"","nodeType":"variation","tags":["variation"],"pv":["a2a3","c1b1","a3b4","b1b2","a4a3","b2a2"],"children":[{"ply":10,"san":"Ka3","uci":"a2a3","fen":"8/8/8/8/p7/k7/8/2K5 w - - 8 6","eval":0.00,"evalType":"cp","judgement":"variation","glyph":"","nodeType":"variation","tags":["variation"],"pv":["c1b1","a3b4","b1b2","a4a3","b2a2"],"children":[{"ply":11,"san":"Kb1","uci":"c1b1","fen":"8/8/8/8/p7/k7/8/1K6 b - - 9 6","eval":0.00,"evalType":"cp","judgement":"variation","glyph":"","nodeType":"variation","tags":["variation"],"pv":["a3b4","b1b2","a4a3","b2a2"],"children":[{"ply":12,"san":"Kb4","uci":"a3b4","fen":"8/8/8/8/pk6/8/8/1K6 w - - 10 7","eval":0.00,"evalType":"cp","judgement":"variation","glyph":"","nodeType":"variation","tags":["variation"],"pv":["b1b2","a4a3","b2a2"],"children":[{"ply":13,"san":"Kb2","uci":"b1b2","fen":"8/8/8/8/pk6/8/1K6/8 b - - 11 7","eval":0.00,"evalType":"cp","judgement":"variation","glyph":"","nodeType":"variation","tags":["variation"],"pv":["a4a3","b2a2"],"children":[{"ply":14,"san":"a3+","uci":"a4a3","fen":"8/8/8/8/1k6/p7/1K6/8 w - - 0 8","eval":0.00,"evalType":"cp","judgement":"variation","glyph":"","nodeType":"variation","tags":["variation"],"pv":["b2a2"],"children":[{"ply":15,"san":"Ka2","uci":"b2a2","fen":"8/8/8/8/1k6/p7/K7/8 b - - 1 8","eval":0.00,"evalType":"cp","judgement":"variation","glyph":"","nodeType":"variation","tags":["variation"],"children":[]}]}]}]}]}]}]}]}]}]},{"ply":6,"san":"Kb3","uci":"a2b3","fen":"8/8/8/8/p7/1k6/8/2K5 w - - 4 4","eval":0.00,"evalType":"cp","judgement":"variation","glyph":"","nodeType":"sideline","tags":["variation"],"pv":["c1b1","a4a3","b1a1","b3b4","a1a2","b4a4","a2a1","a4a5"],"children":[{"ply":7,"san":"Kb1","uci":"c1b1","fen":"8/8/8/8/p7/1k6/8/1K6 b - - 5 4","eval":0.00,"evalType":"cp","judgement":"variation","glyph":"","nodeType":"variation","tags":["variation"],"pv":["a4a3","b1a1","b3b4","a1a2","b4a4","a2a1","a4a5"],"children":[{"ply":8,"san":"a3","uci":"a4a3","fen":"8/8/8/8/8/pk6/8/1K6 w - - 0 5","eval":0.00,"evalType":"cp","judgement":"variation","glyph":"","nodeType":"variation","tags":["variation"],"pv":["b1a1","b3b4","a1a2","b4a4","a2a1","a4a5"],"children":[{"ply":9,"san":"Ka1","uci":"b1a1","fen":"8/8/8/8/8/pk6/8/K7 b - - 1 5","eval":0.00,"evalType":"cp","judgement":"variation","glyph":"","nodeType":"variation","tags":["variation"],"pv":["b3b4","a1a2","b4a4","a2a1","a4a5"],"children":[{"ply":10,"san":"Kb4","uci":"b3b4","fen":"8/8/8/8/1k6/p7/8/K7 w - - 2 6","eval":0.00,"evalType":"cp","judgement":"variation","glyph":"","nodeType":"variation","tags":["variation"],"pv":["a1a2","b4a4","a2a1","a4a5"],"children":[{"ply":11,"san":"Ka2","uci":"a1a2","fen":"8/8/8/8/1k6/p7/K7/8 b - - 3 6","eval":0.00,"evalType":"cp","judgement":"variation","glyph":"","nodeType":"variation","tags":["variation"],"pv":["b4a4","a2a1","a4a5"],"children":[{"ply":12,"san":"Ka4","uci":"b4a4","fen":"8/8/8/8/k7/p7/K7/8 w - - 4 7","eval":0.00,"evalType":"cp","judgement":"variation","glyph":"","nodeType":"variation","tags":["variation"],"pv":["a2a1","a4a5"],"children":[{"ply":13,"san":"Ka1","uci":"a2a1","fen":"8/8/8/8/k7/p7/8/K7 b - - 5 7","eval":0.00,"evalType":"cp","judgement":"variation","glyph":"","nodeType":"variation","tags":["variation"],"pv":["a4a5"],"children":[{"ply":14,"san":"Ka5","uci":"a4a5","fen":"8/8/8/k7/8/p7/8/K7 w - - 6 8","eval":0.00,"evalType":"cp","judgement":"variation","glyph":"","nodeType":"variation","tags":["variation"],"children":[]}]}]}]}]}]}]}]}]}]}]},{"ply":4,"san":"Kb4","uci":"a3b4","fen":"8/8/8/8/pk6/8/2K5/8 w - - 2 3","eval":1.00,"evalType":"cp","judgement":"variation","glyph":"","nodeType":"critical","tags":["variation"],"pv":["c2b1","b4c3","b1a2","a4a3"],"children":[{"ply":5,"san":"Kb1","uci":"c2b1","fen":"8/8/8/8/pk6/8/8/1K6 b - - 3 3","eval":1.00,"evalType":"cp","judgement":"variation","glyph":"","nodeType":"variation","tags":["variation"],"pv":["b4c3","b1a2","a4a3"],"children":[{"ply":6,"san":"Kc3","uci":"b4c3","fen":"8/8/8/8/p7/2k5/8/1K6 w - - 4 4","eval":1.00,"evalType":"cp","judgement":"variation","glyph":"","nodeType":"variation","tags":["variation"],"pv":["b1a2","a4a3"],"children":[{"ply":7,"san":"Ka2","uci":"b1a2","fen":"8/8/8/8/p7/2k5/K7/8 b - - 5 4","eval":1.00,"evalType":"cp","judgement":"variation","glyph":"","nodeType":"variation","tags":["variation"],"pv":["a4a3"],"children":[{"ply":8,"san":"a3","uci":"a4a3","fen":"8/8/8/8/8/p1k5/K7/8 w - - 0 5","eval":1.00,"evalType":"cp","judgement":"variation","glyph":"","nodeType":"variation","tags":["variation"],"children":[]}]}]}]}]},{"ply":4,"san":"Ka2","uci":"a3a2","fen":"8/8/8/8/p7/8/k1K5/8 w - - 2 3","eval":1.00,"evalType":"cp","judgement":"variation","glyph":"","nodeType":"sideline","tags":["variation"],"pv":["c2c1","a2a3","c1b1","a3b3","b1c1","b3c3","c1b1"],"children":[{"ply":5,"san":"Kc1","uci":"c2c1","fen":"8/8/8/8/p7/8/k7/2K5 b - - 3 3","eval":1.00,"evalType":"cp","judgement":"variation","glyph":"","nodeType":"variation","tags":["variation"],"pv":["a2a3","c1b1","a3b3","b1c1","b3c3","c1b1"],"children":[{"ply":6,"san":"Ka3","uci":"a2a3","fen":"8/8/8/8/p7/k7/8/2K5 w - - 4 4","eval":1.00,"evalType":"cp","judgement":"variation","glyph":"","nodeType":"variation","tags":["variation"],"pv":["c1b1","a3b3","b1c1","b3c3","c1b1"],"children":[{"ply":7,"san":"Kb1","uci":"c1b1","fen":"8/8/8/8/p7/k7/8/1K6 b - - 5 4","eval":1.00,"evalType":"cp","judgement":"variation","glyph":"","nodeType":"variation","tags":["variation"],"pv":["a3b3","b1c1","b3c3","c1b1"],"children":[{"ply":8,"san":"Kb3","uci":"a3b3","fen":"8/8/8/8/p7/1k6/8/1K6 w - - 6 5","eval":1.00,"evalType":"cp","judgement":"variation","glyph":"","nodeType":"variation","tags":["variation"],"pv":["b1c1","b3c3","c1b1"],"children":[{"ply":9,"san":"Kc1","uci":"b1c1","fen":"8/8/8/8/p7/1k6/8/2K5 b - - 7 5","eval":1.00,"evalType":"cp","judgement":"variation","glyph":"","nodeType":"variation","tags":["variation"],"pv":["b3c3","c1b1"],"children":[{"ply":10,"san":"Kc3","uci":"b3c3","fen":"8/8/8/8/p7/2k5/8/2K5 w - - 8 6","eval":1.00,"evalType":"cp","judgement":"variation","glyph":"","nodeType":"variation","tags":["variation"],"pv":["c1b1"],"children":[{"ply":11,"san":"Kb1","uci":"c1b1","fen":"8/8/8/8/p7/2k5/8/1K6 b - - 9 6","eval":1.00,"evalType":"cp","judgement":"variation","glyph":"","nodeType":"variation","tags":["variation"],"children":[]}]}]}]}]}]}]}]}]}]},{"ply":2,"san":"Kxa3","uci":"a2a3","fen":"8/8/8/8/p7/k1K5/8/8 w - - 0 2","eval":0.00,"evalType":"cp","judgement":"variation","glyph":"","nodeType":"critical","tags":["variation"],"pv":["c3c2","a3a2","c2c1","a4a3"],"children":[{"ply":3,"san":"Kc2","uci":"c3c2","fen":"8/8/8/8/p7/k7/2K5/8 b - - 1 2","eval":0.00,"evalType":"cp","judgement":"variation","glyph":"","nodeType":"variation","tags":["variation"],"pv":["a3a2","c2c1","a4a3"],"children":[{"ply":4,"san":"Ka2","uci":"a3a2","fen":"8/8/8/8/p7/8/k1K5/8 w - - 2 3","eval":0.00,"evalType":"cp","judgement":"variation","glyph":"","nodeType":"variation","tags":["variation"],"pv":["c2c1","a4a3"],"children":[{"ply":5,"san":"Kc1","uci":"c2c1","fen":"8/8/8/8/p7/8/k7/2K5 b - - 3 3","eval":0.00,"evalType":"cp","judgement":"variation","glyph":"","nodeType":"variation","tags":["variation"],"pv":["a4a3"],"children":[{"ply":6,"san":"a3","uci":"a4a3","fen":"8/8/8/8/8/p7/k7/2K5 w - - 0 4","eval":0.00,"evalType":"cp","judgement":"variation","glyph":"","nodeType":"variation","tags":["variation"],"children":[]}]}]}]}]},{"ply":2,"san":"Kb1","uci":"a2b1","fen":"8/8/8/8/p7/P1K5/8/1k6 w - - 2 2","eval":-658.00,"evalType":"cp","judgement":"variation","glyph":"","nodeType":"sideline","tags":["variation"],"pv":["c3b4","b1c1","b4a4","c1d1","a4b5","d1e2"],"children":[{"ply":3,"san":"Kb4","uci":"c3b4","fen":"8/8/8/8/pK6/P7/8/1k6 b - - 3 2","eval":-658.00,"evalType":"cp","judgement":"variation","glyph":"","nodeType":"variation","tags":["variation"],"pv":["b1c1","b4a4","c1d1","a4b5","d1e2"],"children":[{"ply":4,"san":"Kc1","uci":"b1c1","fen":"8/8/8/8/pK6/P7/8/2k5 w - - 4 3","eval":-658.00,"evalType":"cp","judgement":"variation","glyph":"","nodeType":"variation","tags":["variation"],"pv":["b4a4","c1d1","a4b5","d1e2"],"children":[{"ply":5,"san":"Kxa4","uci":"b4a4","fen":"8/8/8/8/K7/P7/8/2k5 b - - 0 3","eval":-658.00,"evalType":"cp","judgement":"variation","glyph":"","nodeType":"variation","tags":["variation"],"pv":["c1d1","a4b5","d1e2"],"children":[{"ply":6,"san":"Kd1","uci":"c1d1","fen":"8/8/8/8/K7/P7/8/3k4 w - - 1 4","eval":-658.00,"evalType":"cp","judgement":"variation","glyph":"","nodeType":"variation","tags":["variation"],"pv":["a4b5","d1e2"],"children":[{"ply":7,"san":"Kb5","uci":"a4b5","fen":"8/8/8/1K6/8/P7/8/3k4 b - - 2 4","eval":-658.00,"evalType":"cp","judgement":"variation","glyph":"","nodeType":"variation","tags":["variation"],"pv":["d1e2"],"children":[{"ply":8,"san":"Ke2","uci":"d1e2","fen":"8/8/8/1K6/8/P7/4k3/8 w - - 3 5","eval":-658.00,"evalType":"cp","judgement":"variation","glyph":"","nodeType":"variation","tags":["variation"],"children":[]}]}]}]}]}]}]},{"ply":2,"san":"Ka1","uci":"a2a1","fen":"8/8/8/8/p7/P1K5/8/k7 w - - 2 2","eval":-689.00,"evalType":"cp","judgement":"variation","glyph":"","nodeType":"sideline","tags":["variation"],"pv":["c3b4","a1b2","b4a4","b2c2","a4b4","c2d3"],"children":[{"ply":3,"san":"Kb4","uci":"c3b4","fen":"8/8/8/8/pK6/P7/8/k7 b - - 3 2","eval":-689.00,"evalType":"cp","judgement":"variation","glyph":"","nodeType":"variation","tags":["variation"],"pv":["a1b2","b4a4","b2c2","a4b4","c2d3"],"children":[{"ply":4,"san":"Kb2","uci":"a1b2","fen":"8/8/8/8/pK6/P7/1k6/8 w - - 4 3","eval":-689.00,"evalType":"cp","judgement":"variation","glyph":"","nodeType":"variation","tags":["variation"],"pv":["b4a4","b2c2","a4b4","c2d3"],"children":[{"ply":5,"san":"Kxa4","uci":"b4a4","fen":"8/8/8/8/K7/P7/1k6/8 b - - 0 3","eval":-689.00,"evalType":"cp","judgement":"variation","glyph":"","nodeType":"variation","tags":["variation"],"pv":["b2c2","a4b4","c2d3"],"children":[{"ply":6,"san":"Kc2","uci":"b2c2","fen":"8/8/8/8/K7/P7/2k5/8 w - - 1 4","eval":-689.00,"evalType":"cp","judgement":"variation","glyph":"","nodeType":"variation","tags":["variation"],"pv":["a4b4","c2d3"],"children":[{"ply":7,"san":"Kb4","uci":"a4b4","fen":"8/8/8/8/1K6/P7/2k5/8 b - - 2 4","eval":-689.00,"evalType":"cp","judgement":"variation","glyph":"","nodeType":"variation","tags":["variation"],"pv":["c2d3"],"children":[{"ply":8,"san":"Kd3","uci":"c2d3","fen":"8/8/8/8/1K6/P2k4/8/8 w - - 3 5","eval":-689.00,"evalType":"cp","judgement":"variation","glyph":"","nodeType":"variation","tags":["variation"],"children":[]}]}]}]}]}]}]}]}]},"oppositeColorBishops":false,"critical":[{"ply":2,"reason":"concept shift","deltaWinPct":1.00,"bestVsSecondGap":100.00,"legalMoves":3,"forced":true,"tags":["dry_position","black_comfortable_position"],"practicality":{"overall":1.00,"robustness":1.00,"horizon":1.00,"naturalness":1.00,"categoryGlobal":"Human-Friendly","category":"Human-Friendly"},"isPressurePoint":false,"branches":[{"move":"a2a3","winPct":50.00,"cp":0,"label":"Best Move","pv":["a2a3","c3c2","a3a2","c2c1","a4a3"]},{"move":"a2b1","winPct":6.71,"cp":-658,"label":"Alternative","pv":["a2b1","c3b4","b1c1","b4a4","c1d1","a4b5","d1e2"]},{"move":"a2a1","winPct":5.97,"cp":-689,"label":"Line","pv":["a2a1","c3b4","a1b2","b4a4","b2c2","a4b4","c2d3"]}]},{"ply":6,"reason":"concept shift","deltaWinPct":-1.60,"bestVsSecondGap":100.00,"legalMoves":4,"forced":true,"tags":["dry_position","black_space_advantage","black_comfortable_position"],"practicality":{"overall":1.00,"robustness":1.00,"horizon":1.00,"naturalness":1.00,"categoryGlobal":"Human-Friendly","category":"Human-Friendly"},"isPressurePoint":false,"branches":[{"move":"a2a3","winPct":50.10,"cp":1,"label":"Best Move","pv":["a2a3","c1b1","a3b3","b1a1","b3c3","a1b1","c3b4","b1b2"]},{"move":"a2a1","winPct":50.00,"cp":0,"label":"Alternative","pv":["a2a1","c1c2","a1a2","c2c1","a2a3","c1b1","a3b4","b1b2","a4a3","b2a2"]},{"move":"a2b3","winPct":50.00,"cp":0,"label":"Line","pv":["a2b3","c1b1","a4a3","b1a1","b3b4","a1a2","b4a4","a2a1","a4a5"]}]},{"ply":4,"reason":"concept shift","deltaWinPct":-0.80,"bestVsSecondGap":100.00,"legalMoves":2,"forced":true,"tags":["dry_position","black_space_advantage","black_comfortable_position"],"practicality":{"overall":1.00,"robustness":1.00,"horizon":1.00,"naturalness":1.00,"categoryGlobal":"Human-Friendly","category":"Human-Friendly"},"isPressurePoint":false,"branches":[{"move":"a3b4","winPct":50.10,"cp":1,"label":"Best Move","pv":["a3b4","c2b1","b4c3","b1a2","a4a3"]},{"move":"a3a2","winPct":50.10,"cp":1,"label":"Alternative","pv":["a3a2","c2c1","a2a3","c1b1","a3b3","b1c1","b3c3","c1b1"]}]}],"pgn":"[Event \"Endgame Test\"]
 [Site \"Golden Suite\"]
 [Date \"????.??.??\"]
 [Round \"?\"]
 [White \"Winner\"]
 [Black \"Loser\"]
 [Result \"1-0\"]
 [FEN \"8/8/8/8/p7/P7/k1K5/8 w - - 0 1\"]
 
 1. Kc3 Kxa3 2. Kc2 Ka2 3. Kc1 a3 4. Kc2 Ka1 5. Kc1 a2 6. Kc2# 1-0
 ","accuracyWhite":99.13,"accuracyBlack":95.14,"book":{"gameMeta":{"white":"Winner","black":"Loser","result":"1-0"},"sections":[{"title":"Opening Analysis","sectionType":"OpeningReview","narrativeHint":"Key development decisions and opening strategy.","startPly":1,"endPly":11,"diagrams":[{"id":"2","fen":"8/8/8/8/p7/k1K5/8/8 w - - 0 2","roles":["PieceTrade","Squeeze","Violence"],"ply":2,"tags":{"structure":["KingExposedWhite"],"plan":[],"tactic":[],"mistake":[],"endgame":["KingActivityGood"],"transition":[]}},{"id":"11","fen":"8/8/8/8/8/8/p1K5/k7 b - - 1 6","roles":[],"ply":11,"tags":{"structure":["KingExposedWhite"],"plan":[],"tactic":[],"mistake":[],"endgame":["KingActivityGood"],"transition":[]}}]}],"turningPoints":[],"tacticalMoments":[{"ply":2,"side":"black","motifTags":[],"wasMissed":false}],"checklist":[]},"timeline":[{"ply":1,"turn":"white","san":"Kc3","uci":"c2c3","fen":"8/8/8/8/p7/P1K5/k7/8 b - - 1 1","fenBefore":"8/8/8/8/p7/P7/k1K5/8 w - - 0 1","legalMoves":5,"features":{"pawnIslands":1,"isolatedPawns":1,"doubledPawns":0,"passedPawns":0,"rookOpenFiles":7,"rookSemiOpenFiles":0,"bishopPair":false,"kingRingPressure":2,"spaceControl":3},"evalBeforeShallow":{"depth":6,"lines":[{"move":"c2d2","winPct":50.00,"cp":0,"pv":["c2d2","a2b3","d2d3","b3b2","d3d2"]}]},"evalBeforeDeep":{"depth":8,"lines":[{"move":"c2d2","winPct":49.10,"cp":-9,"pv":["c2d2","a2a3","d2c3","a3a2","c3c2","a4a3"]}]},"winPctBefore":49.10,"winPctAfterForPlayer":48.80,"deltaWinPct":-0.30,"epBefore":0.49,"epAfter":0.49,"epLoss":0.00,"judgement":"good","phase":"endgame","semanticTags":["dry_position","drawish_position","white_comfortable_position"],"studyTags":["dry_position","drawish_position","white_comfortable_position"],"studyScore":0.09,"practicality":{"overall":1.00,"robustness":1.00,"horizon":1.00,"naturalness":1.00,"categoryGlobal":"Human-Friendly","category":"Human-Friendly"},"playedEvalCp":-12,"concepts":{"dynamic":0.09,"drawish":0.80,"imbalanced":0.04,"tacticalDepth":0.00,"blunderRisk":0.00,"pawnStorm":0.00,"fortress":0.78,"colorComplex":0.37,"badBishop":0.00,"goodKnight":0.00,"rookActivity":0.00,"kingSafety":0.13,"dry":1.00,"comfortable":1.00,"unpleasant":0.00,"engineLike":0.00,"conversionDifficulty":0.00,"sacrificeQuality":0.00,"alphaZeroStyle":0.07},"conceptsBefore":{"dynamic":0.08,"drawish":0.84,"imbalanced":0.08,"tacticalDepth":0.04,"blunderRisk":0.00,"pawnStorm":0.00,"fortress":0.74,"colorComplex":0.30,"badBishop":0.00,"goodKnight":0.00,"rookActivity":0.00,"kingSafety":0.20,"dry":1.00,"comfortable":1.00,"unpleasant":0.00,"engineLike":0.00,"conversionDifficulty":0.00,"sacrificeQuality":0.00,"alphaZeroStyle":0.08},"conceptDelta":{"dynamic":0.01,"drawish":-0.04,"imbalanced":-0.04,"tacticalDepth":-0.04,"blunderRisk":0.00,"pawnStorm":0.00,"fortress":0.04,"colorComplex":0.07,"badBishop":0.00,"goodKnight":0.00,"rookActivity":0.00,"kingSafety":-0.07,"dry":0.00,"comfortable":0.00,"unpleasant":0.00,"engineLike":0.00,"conversionDifficulty":0.00,"sacrificeQuality":0.00,"alphaZeroStyle":-0.01},"hypotheses":[{"move":"a2a3","winPct":51.30,"label":"Threat","pv":["a2a3","c2b1","a3b4","b1a1","a4a3"]},{"move":"c2d3","winPct":49.90,"label":"QuietImprovement","pv":["c2d3","a2b3","d3d2","b3b2","d2d1","b2b3"]}],"conceptLabels":{"structureTags":["KingExposedWhite"],"planTags":[],"tacticTags":[],"mistakeTags":[],"endgameTags":["KingActivityGood"],"positionalTags":["DryPosition","DrawishPosition","ComfortablePosition(White)"],"transitionTags":[],"missedPatternTypes":[],"richTags":[{"id":"struct:exposed_white","score":1.00,"category":"Structure","evidenceRefs":[{"kind":"structure","id":"struct:exposed_white"}]}],"evidence":{"kingSafety":{},"structure":{"struct:exposed_white":{"description":"White King Exposed","squares":["1","2","3"]}},"tactics":{},"placement":{},"plans":{},"pv":{}}}]},{"ply":2,"turn":"black","san":"Kxa3","uci":"a2a3","fen":"8/8/8/8/p7/k1K5/8/8 w - - 0 2","fenBefore":"8/8/8/8/p7/P1K5/k7/8 b - - 1 1","legalMoves":3,"features":{"pawnIslands":1,"isolatedPawns":1,"doubledPawns":0,"passedPawns":1,"rookOpenFiles":7,"rookSemiOpenFiles":0,"bishopPair":false,"kingRingPressure":1,"spaceControl":5},"evalBeforeShallow":{"depth":6,"lines":[{"move":"a2a3","winPct":51.10,"cp":11,"pv":["a2a3","c3c2","a3a2","c2c1","a2b3","c1b1"]}]},"evalBeforeDeep":{"depth":8,"lines":[{"move":"a2a3","winPct":51.20,"cp":12,"pv":["a2a3","c3c2","a3a2","c2c1","a2b3","c1b1","a4a3","b1a1","b3c4","a1a2","c4c3"]}]},"winPctBefore":51.20,"winPctAfterForPlayer":52.20,"deltaWinPct":1.00,"epBefore":0.51,"epAfter":0.52,"epLoss":0.00,"judgement":"best","phase":"endgame","semanticTags":["dry_position","black_comfortable_position"],"studyTags":["dry_position","black_comfortable_position"],"studyScore":0.34,"practicality":{"overall":1.00,"robustness":1.00,"horizon":1.00,"naturalness":1.00,"categoryGlobal":"Human-Friendly","category":"Human-Friendly"},"playedEvalCp":22,"concepts":{"dynamic":0.34,"drawish":0.34,"imbalanced":0.16,"tacticalDepth":0.00,"blunderRisk":0.00,"pawnStorm":0.00,"fortress":0.73,"colorComplex":0.10,"badBishop":0.00,"goodKnight":0.00,"rookActivity":0.00,"kingSafety":0.15,"dry":0.97,"comfortable":1.00,"unpleasant":0.00,"engineLike":0.00,"conversionDifficulty":0.00,"sacrificeQuality":0.00,"alphaZeroStyle":0.09},"conceptsBefore":{"dynamic":0.09,"drawish":0.80,"imbalanced":0.04,"tacticalDepth":0.00,"blunderRisk":0.00,"pawnStorm":0.00,"fortress":0.78,"colorComplex":0.37,"badBishop":0.00,"goodKnight":0.00,"rookActivity":0.00,"kingSafety":0.08,"dry":1.00,"comfortable":1.00,"unpleasant":0.00,"engineLike":0.00,"conversionDifficulty":0.00,"sacrificeQuality":0.01,"alphaZeroStyle":0.07},"conceptDelta":{"dynamic":0.25,"drawish":-0.47,"imbalanced":0.12,"tacticalDepth":-0.00,"blunderRisk":0.00,"pawnStorm":0.00,"fortress":-0.04,"colorComplex":-0.27,"badBishop":0.00,"goodKnight":0.00,"rookActivity":0.00,"kingSafety":0.07,"dry":-0.03,"comfortable":0.00,"unpleasant":0.00,"engineLike":0.00,"conversionDifficulty":0.00,"sacrificeQuality":-0.01,"alphaZeroStyle":0.02},"hypotheses":[{"move":"a2a3","winPct":47.80,"label":"SacrificeProbe","pv":["c3c2","a3b4","c2b2","a4a3","b2a2","b4c3","a2a3","c3d2","a3a4"]},{"move":"c3b4","winPct":94.03,"label":"Threat","pv":["c3b4","a2b2","b4a4","b2c2","a4b4","c2d3","a3a4","d3e3","b4c5","e3f3","c5c4"]},{"move":"a2a3","winPct":51.00,"label":"QuietImprovement","pv":["a2a3","c3c2","a3a2"]}],"conceptLabels":{"structureTags":["KingExposedWhite"],"planTags":[],"tacticTags":[],"mistakeTags":[],"endgameTags":["KingActivityGood"],"positionalTags":["DryPosition","ComfortablePosition(Black)"],"transitionTags":[],"missedPatternTypes":[],"richTags":[{"id":"struct:exposed_white","score":1.00,"category":"Structure","evidenceRefs":[{"kind":"structure","id":"struct:exposed_white"}]}],"evidence":{"kingSafety":{},"structure":{"struct:exposed_white":{"description":"White King Exposed","squares":["1","2","3"]}},"tactics":{},"placement":{},"plans":{},"pv":{}}}]},{"ply":3,"turn":"white","san":"Kc2","uci":"c3c2","fen":"8/8/8/8/p7/k7/2K5/8 b - - 1 2","fenBefore":"8/8/8/8/p7/k1K5/8/8 w - - 0 2","legalMoves":5,"features":{"pawnIslands":0,"isolatedPawns":0,"doubledPawns":0,"passedPawns":0,"rookOpenFiles":7,"rookSemiOpenFiles":1,"bishopPair":false,"kingRingPressure":2,"spaceControl":0},"evalBeforeShallow":{"depth":6,"lines":[{"move":"c3c2","winPct":49.10,"cp":-9,"pv":["c3c2","a3b4","c2c1","b4c4","c1c2"]}]},"evalBeforeDeep":{"depth":8,"lines":[{"move":"c3c2","winPct":47.80,"cp":-22,"pv":["c3c2","a3b4","c2b2","b4c4","b2a3","c4c3"]}]},"winPctBefore":47.80,"winPctAfterForPlayer":47.60,"deltaWinPct":-0.20,"epBefore":0.48,"epAfter":0.48,"epLoss":0.00,"judgement":"good","phase":"endgame","semanticTags":["dry_position","white_comfortable_position"],"studyTags":["dry_position","white_comfortable_position"],"studyScore":0.10,"practicality":{"overall":1.00,"robustness":1.00,"horizon":1.00,"naturalness":1.00,"categoryGlobal":"Human-Friendly","category":"Human-Friendly"},"playedEvalCp":-24,"concepts":{"dynamic":0.05,"drawish":0.47,"imbalanced":0.22,"tacticalDepth":0.00,"blunderRisk":0.00,"pawnStorm":0.00,"fortress":0.79,"colorComplex":0.37,"badBishop":0.00,"goodKnight":0.00,"rookActivity":0.00,"kingSafety":0.13,"dry":1.00,"comfortable":1.00,"unpleasant":0.00,"engineLike":0.00,"conversionDifficulty":0.00,"sacrificeQuality":0.00,"alphaZeroStyle":0.09},"conceptsBefore":{"dynamic":0.11,"drawish":0.45,"imbalanced":0.16,"tacticalDepth":0.06,"blunderRisk":0.00,"pawnStorm":0.00,"fortress":0.71,"colorComplex":0.10,"badBishop":0.00,"goodKnight":0.00,"rookActivity":0.00,"kingSafety":0.20,"dry":1.00,"comfortable":1.00,"unpleasant":0.00,"engineLike":0.00,"conversionDifficulty":0.00,"sacrificeQuality":0.00,"alphaZeroStyle":0.07},"conceptDelta":{"dynamic":-0.06,"drawish":0.02,"imbalanced":0.06,"tacticalDepth":-0.06,"blunderRisk":0.00,"pawnStorm":0.00,"fortress":0.08,"colorComplex":0.27,"badBishop":0.00,"goodKnight":0.00,"rookActivity":0.00,"kingSafety":-0.07,"dry":0.00,"comfortable":0.00,"unpleasant":0.00,"engineLike":0.00,"conversionDifficulty":0.00,"sacrificeQuality":0.00,"alphaZeroStyle":0.02},"hypotheses":[{"move":"a3a2","winPct":52.80,"label":"Threat","pv":["a3a2","c3c2","a4a3","c2c1","a2b3","c1b1","a3a2","b1a1","b3c3","a1a2","c3d2","a2a3","d2d1","a3b4"]},{"move":"c3c2","winPct":47.60,"label":"QuietImprovement","pv":["c3c2","a3b4","c2d2","b4b3"]}],"conceptLabels":{"structureTags":["KingExposedWhite"],"planTags":[],"tacticTags":[],"mistakeTags":[],"endgameTags":[],"positionalTags":["DryPosition","ComfortablePosition(White)"],"transitionTags":[],"missedPatternTypes":[],"richTags":[{"id":"struct:exposed_white","score":1.00,"category":"Structure","evidenceRefs":[{"kind":"structure","id":"struct:exposed_white"}]}],"evidence":{"kingSafety":{},"structure":{"struct:exposed_white":{"description":"White King Exposed","squares":["1","2","3"]}},"tactics":{},"placement":{},"plans":{},"pv":{}}}]},{"ply":4,"turn":"black","san":"Ka2","uci":"a3a2","fen":"8/8/8/8/p7/8/k1K5/8 w - - 2 3","fenBefore":"8/8/8/8/p7/k7/2K5/8 b - - 1 2","legalMoves":2,"features":{"pawnIslands":1,"isolatedPawns":1,"doubledPawns":0,"passedPawns":1,"rookOpenFiles":7,"rookSemiOpenFiles":0,"bishopPair":false,"kingRingPressure":1,"spaceControl":5},"evalBeforeShallow":{"depth":6,"lines":[{"move":"a3a2","winPct":51.30,"cp":13,"pv":["a3a2","c2c1","a2b3","c1b1","b3c3"]}]},"evalBeforeDeep":{"depth":8,"lines":[{"move":"a3b4","winPct":52.40,"cp":24,"pv":["a3b4","c2b2","a4a3","b2a2","b4c4","a2a3"]}]},"winPctBefore":52.40,"winPctAfterForPlayer":51.60,"deltaWinPct":-0.80,"epBefore":0.52,"epAfter":0.52,"epLoss":0.01,"judgement":"good","phase":"endgame","semanticTags":["dry_position","black_space_advantage","black_comfortable_position"],"studyTags":["dry_position","black_space_advantage","black_comfortable_position"],"studyScore":0.11,"practicality":{"overall":1.00,"robustness":1.00,"horizon":1.00,"naturalness":1.00,"categoryGlobal":"Human-Friendly","category":"Human-Friendly"},"playedEvalCp":16,"concepts":{"dynamic":0.09,"drawish":0.50,"imbalanced":0.22,"tacticalDepth":0.00,"blunderRisk":0.00,"pawnStorm":0.00,"fortress":0.78,"colorComplex":0.10,"badBishop":0.00,"goodKnight":0.00,"rookActivity":0.00,"kingSafety":0.15,"dry":1.00,"comfortable":1.00,"unpleasant":0.00,"engineLike":0.00,"conversionDifficulty":0.00,"sacrificeQuality":0.00,"alphaZeroStyle":0.07},"conceptsBefore":{"dynamic":0.10,"drawish":0.44,"imbalanced":0.22,"tacticalDepth":0.05,"blunderRisk":0.00,"pawnStorm":0.00,"fortress":0.72,"colorComplex":0.37,"badBishop":0.00,"goodKnight":0.00,"rookActivity":0.00,"kingSafety":0.08,"dry":1.00,"comfortable":1.00,"unpleasant":0.00,"engineLike":0.00,"conversionDifficulty":0.00,"sacrificeQuality":0.07,"alphaZeroStyle":0.11},"conceptDelta":{"dynamic":-0.02,"drawish":0.06,"imbalanced":0.00,"tacticalDepth":-0.05,"blunderRisk":0.00,"pawnStorm":0.00,"fortress":0.06,"colorComplex":-0.27,"badBishop":0.00,"goodKnight":0.00,"rookActivity":0.00,"kingSafety":0.07,"dry":0.00,"comfortable":0.00,"unpleasant":0.00,"engineLike":0.00,"conversionDifficulty":0.00,"sacrificeQuality":-0.07,"alphaZeroStyle":-0.04},"hypotheses":[{"move":"c2c3","winPct":48.00,"label":"Threat","pv":["c2c3","a3a2","c3c2","a4a3","c2c1","a2b3","c1b1","a3a2","b1a1","b3c3","a1a2","c3d2","a2a3","d2d1","a3b3"]},{"move":"a3b4","winPct":52.00,"label":"QuietImprovement","pv":["a3b4","c2c1","a4a3","c1c2"]}],"conceptLabels":{"structureTags":["KingExposedWhite"],"planTags":[],"tacticTags":[],"mistakeTags":[],"endgameTags":[],"positionalTags":["DryPosition","SpaceAdvantage(Black)","ComfortablePosition(Black)"],"transitionTags":[],"missedPatternTypes":[],"richTags":[{"id":"struct:exposed_white","score":1.00,"category":"Structure","evidenceRefs":[{"kind":"structure","id":"struct:exposed_white"}]}],"evidence":{"kingSafety":{},"structure":{"struct:exposed_white":{"description":"White King Exposed","squares":["1","2","3"]}},"tactics":{},"placement":{},"plans":{},"pv":{}}}]},{"ply":5,"turn":"white","san":"Kc1","uci":"c2c1","fen":"8/8/8/8/p7/8/k7/2K5 b - - 3 3","fenBefore":"8/8/8/8/p7/8/k1K5/8 w - - 2 3","legalMoves":5,"features":{"pawnIslands":0,"isolatedPawns":0,"doubledPawns":0,"passedPawns":0,"rookOpenFiles":7,"rookSemiOpenFiles":1,"bishopPair":false,"kingRingPressure":1,"spaceControl":0},"evalBeforeShallow":{"depth":6,"lines":[{"move":"c2c3","winPct":48.50,"cp":-15,"pv":["c2c3","a2a3","c3c2","a3b4"]}]},"evalBeforeDeep":{"depth":8,"lines":[{"move":"c2c3","winPct":48.40,"cp":-16,"pv":["c2c3","a2a3","c3c2","a3b4","c2b2","a4a3","b2b1"]}]},"winPctBefore":48.40,"winPctAfterForPlayer":48.40,"deltaWinPct":-0.00,"epBefore":0.48,"epAfter":0.48,"epLoss":0.00,"judgement":"good","phase":"endgame","semanticTags":["white_fortress_defense","dry_position","white_comfortable_position"],"studyTags":["white_fortress_defense","dry_position","white_comfortable_position"],"studyScore":0.15,"practicality":{"overall":1.00,"robustness":1.00,"horizon":1.00,"naturalness":1.00,"categoryGlobal":"Human-Friendly","category":"Human-Friendly"},"playedEvalCp":-16,"concepts":{"dynamic":0.03,"drawish":0.53,"imbalanced":0.22,"tacticalDepth":0.00,"blunderRisk":0.00,"pawnStorm":0.00,"fortress":0.75,"colorComplex":0.37,"badBishop":0.00,"goodKnight":0.00,"rookActivity":0.00,"kingSafety":0.08,"dry":1.00,"comfortable":1.00,"unpleasant":0.00,"engineLike":0.00,"conversionDifficulty":0.00,"sacrificeQuality":0.00,"alphaZeroStyle":0.08},"conceptsBefore":{"dynamic":0.05,"drawish":0.52,"imbalanced":0.22,"tacticalDepth":0.00,"blunderRisk":0.00,"pawnStorm":0.00,"fortress":0.74,"colorComplex":0.10,"badBishop":0.00,"goodKnight":0.00,"rookActivity":0.00,"kingSafety":0.20,"dry":1.00,"comfortable":1.00,"unpleasant":0.00,"engineLike":0.00,"conversionDifficulty":0.00,"sacrificeQuality":0.00,"alphaZeroStyle":0.08},"conceptDelta":{"dynamic":-0.03,"drawish":0.01,"imbalanced":0.00,"tacticalDepth":-0.00,"blunderRisk":0.00,"pawnStorm":0.00,"fortress":0.01,"colorComplex":0.27,"badBishop":0.00,"goodKnight":0.00,"rookActivity":0.00,"kingSafety":-0.12,"dry":0.00,"comfortable":0.00,"unpleasant":0.00,"engineLike":0.00,"conversionDifficulty":0.00,"sacrificeQuality":0.00,"alphaZeroStyle":0.01},"hypotheses":[{"move":"a4a3","winPct":50.00,"label":"Threat","pv":["a4a3","c2c1","a2b3","c1b1","b3b4","b1a2","b4a4","a2a1","a4a5","a1a2","a5a4"]},{"move":"c2c1","winPct":48.40,"label":"QuietImprovement","pv":["c2c1","a2a3","c1c2","a3b4","c2b2","a4a3","b2b1"]}],"conceptLabels":{"structureTags":["KingExposedWhite"],"planTags":[],"tacticTags":[],"mistakeTags":[],"endgameTags":[],"positionalTags":["FortressDefense(White)","DryPosition","ComfortablePosition(White)"],"transitionTags":[],"missedPatternTypes":[],"richTags":[{"id":"struct:exposed_white","score":1.00,"category":"Structure","evidenceRefs":[{"kind":"structure","id":"struct:exposed_white"}]}],"evidence":{"kingSafety":{},"structure":{"struct:exposed_white":{"description":"White King Exposed","squares":["1","2","3"]}},"tactics":{},"placement":{},"plans":{},"pv":{}}}]},{"ply":6,"turn":"black","san":"a3","uci":"a4a3","fen":"8/8/8/8/8/p7/k7/2K5 w - - 0 4","fenBefore":"8/8/8/8/p7/8/k7/2K5 b - - 3 3","legalMoves":4,"features":{"pawnIslands":1,"isolatedPawns":1,"doubledPawns":0,"passedPawns":1,"rookOpenFiles":7,"rookSemiOpenFiles":0,"bishopPair":false,"kingRingPressure":1,"spaceControl":5},"evalBeforeShallow":{"depth":6,"lines":[{"move":"a2a3","winPct":51.60,"cp":16,"pv":["a2a3","c1c2","a3b4","c2b2","a4a3","b2b1"]}]},"evalBeforeDeep":{"depth":8,"lines":[{"move":"a2b3","winPct":51.60,"cp":16,"pv":["a2b3","c1b1","a4a3","b1a1","b3c4","a1a2","c4c3"]}]},"winPctBefore":51.60,"winPctAfterForPlayer":50.00,"deltaWinPct":-1.60,"epBefore":0.52,"epAfter":0.50,"epLoss":0.02,"judgement":"good","phase":"endgame","semanticTags":["dry_position","black_space_advantage","black_comfortable_position"],"studyTags":["dry_position","black_space_advantage","black_comfortable_position"],"studyScore":0.13,"practicality":{"overall":1.00,"robustness":1.00,"horizon":1.00,"naturalness":1.00,"categoryGlobal":"Human-Friendly","category":"Human-Friendly"},"playedEvalCp":0,"concepts":{"dynamic":0.09,"drawish":0.59,"imbalanced":0.22,"tacticalDepth":0.00,"blunderRisk":0.00,"pawnStorm":0.00,"fortress":0.78,"colorComplex":0.27,"badBishop":0.00,"goodKnight":0.00,"rookActivity":0.00,"kingSafety":0.15,"dry":1.00,"comfortable":1.00,"unpleasant":0.00,"engineLike":0.00,"conversionDifficulty":0.00,"sacrificeQuality":0.00,"alphaZeroStyle":0.09},"conceptsBefore":{"dynamic":0.09,"drawish":0.50,"imbalanced":0.22,"tacticalDepth":0.00,"blunderRisk":0.00,"pawnStorm":0.00,"fortress":0.78,"colorComplex":0.37,"badBishop":0.00,"goodKnight":0.00,"rookActivity":0.00,"kingSafety":0.08,"dry":1.00,"comfortable":1.00,"unpleasant":0.00,"engineLike":0.00,"conversionDifficulty":0.00,"sacrificeQuality":0.00,"alphaZeroStyle":0.09},"conceptDelta":{"dynamic":0.00,"drawish":0.09,"imbalanced":0.00,"tacticalDepth":0.00,"blunderRisk":0.00,"pawnStorm":0.00,"fortress":0.00,"colorComplex":-0.10,"badBishop":0.00,"goodKnight":0.00,"rookActivity":0.00,"kingSafety":0.07,"dry":0.00,"comfortable":0.00,"unpleasant":0.00,"engineLike":0.00,"conversionDifficulty":0.00,"sacrificeQuality":0.00,"alphaZeroStyle":0.00},"hypotheses":[{"move":"c1c2","winPct":48.10,"label":"Threat","pv":["c1c2","a4a3","c2c1","a2b3","c1b1","a3a2","b1a1","b3c2","a1a2","c2d2","a2a3"]},{"move":"a2b3","winPct":51.70,"label":"QuietImprovement","pv":["a2b3","c1b1","a4a3","b1a1","b3c4","a1a2","c4b4"]}],"conceptLabels":{"structureTags":["KingExposedWhite"],"planTags":[],"tacticTags":[],"mistakeTags":[],"endgameTags":[],"positionalTags":["DryPosition","SpaceAdvantage(Black)","ComfortablePosition(Black)"],"transitionTags":[],"missedPatternTypes":[],"richTags":[{"id":"struct:exposed_white","score":1.00,"category":"Structure","evidenceRefs":[{"kind":"structure","id":"struct:exposed_white"}]}],"evidence":{"kingSafety":{},"structure":{"struct:exposed_white":{"description":"White King Exposed","squares":["1","2","3"]}},"tactics":{},"placement":{},"plans":{},"pv":{}}}]},{"ply":7,"turn":"white","san":"Kc2","uci":"c1c2","fen":"8/8/8/8/8/p7/k1K5/8 b - - 1 4","fenBefore":"8/8/8/8/8/p7/k7/2K5 w - - 0 4","legalMoves":3,"features":{"pawnIslands":0,"isolatedPawns":0,"doubledPawns":0,"passedPawns":0,"rookOpenFiles":7,"rookSemiOpenFiles":1,"bishopPair":false,"kingRingPressure":2,"spaceControl":0},"evalBeforeShallow":{"depth":6,"lines":[{"move":"c1c2","winPct":49.90,"cp":-1,"pv":["c1c2","a2a1","c2c1","a3a2"]}]},"evalBeforeDeep":{"depth":8,"lines":[{"move":"c1c2","winPct":50.00,"cp":0,"pv":["c1c2","a2a1","c2c1","a3a2","c1c2"]}]},"winPctBefore":50.00,"winPctAfterForPlayer":50.00,"deltaWinPct":0.00,"epBefore":0.50,"epAfter":0.50,"epLoss":0.00,"judgement":"best","phase":"endgame","semanticTags":["white_fortress_defense","dry_position","white_comfortable_position"],"studyTags":["white_fortress_defense","dry_position","white_comfortable_position"],"studyScore":0.08,"practicality":{"overall":1.00,"robustness":1.00,"horizon":1.00,"naturalness":1.00,"categoryGlobal":"Human-Friendly","category":"Human-Friendly"},"playedEvalCp":0,"concepts":{"dynamic":0.05,"drawish":0.62,"imbalanced":0.22,"tacticalDepth":0.00,"blunderRisk":0.00,"pawnStorm":0.00,"fortress":0.79,"colorComplex":0.37,"badBishop":0.00,"goodKnight":0.00,"rookActivity":0.00,"kingSafety":0.13,"dry":1.00,"comfortable":1.00,"unpleasant":0.00,"engineLike":0.00,"conversionDifficulty":0.00,"sacrificeQuality":0.00,"alphaZeroStyle":0.09},"conceptsBefore":{"dynamic":0.05,"drawish":0.62,"imbalanced":0.22,"tacticalDepth":0.00,"blunderRisk":0.00,"pawnStorm":0.00,"fortress":0.78,"colorComplex":0.27,"badBishop":0.00,"goodKnight":0.00,"rookActivity":0.00,"kingSafety":0.20,"dry":1.00,"comfortable":1.00,"unpleasant":0.00,"engineLike":0.00,"conversionDifficulty":0.00,"sacrificeQuality":0.01,"alphaZeroStyle":0.10},"conceptDelta":{"dynamic":-0.00,"drawish":0.00,"imbalanced":0.00,"tacticalDepth":-0.00,"blunderRisk":0.00,"pawnStorm":0.00,"fortress":0.01,"colorComplex":0.10,"badBishop":0.00,"goodKnight":0.00,"rookActivity":0.00,"kingSafety":-0.07,"dry":0.00,"comfortable":0.00,"unpleasant":0.00,"engineLike":0.00,"conversionDifficulty":0.00,"sacrificeQuality":-0.01,"alphaZeroStyle":-0.00},"hypotheses":[{"move":"a2b3","winPct":50.00,"label":"Threat","pv":["a2b3","c1b1","b3c3","b1a1","a3a2","a1a2","c3c2","a2a3","c2d2","a3b2","d2e1","b2b3"]},{"move":"c1c2","winPct":50.00,"label":"QuietImprovement","pv":["c1c2","a2a1","c2c1","a3a2","c1c2"]}],"conceptLabels":{"structureTags":["KingExposedWhite"],"planTags":[],"tacticTags":[],"mistakeTags":[],"endgameTags":["KingActivityGood"],"positionalTags":["FortressDefense(White)","DryPosition","ComfortablePosition(White)"],"transitionTags":[],"missedPatternTypes":[],"richTags":[{"id":"struct:exposed_white","score":1.00,"category":"Structure","evidenceRefs":[{"kind":"structure","id":"struct:exposed_white"}]}],"evidence":{"kingSafety":{},"structure":{"struct:exposed_white":{"description":"White King Exposed","squares":["1","2","3"]}},"tactics":{},"placement":{},"plans":{},"pv":{}}}]},{"ply":8,"turn":"black","san":"Ka1","uci":"a2a1","fen":"8/8/8/8/8/p7/2K5/k7 w - - 2 5","fenBefore":"8/8/8/8/8/p7/k1K5/8 b - - 1 4","legalMoves":1,"features":{"pawnIslands":1,"isolatedPawns":1,"doubledPawns":0,"passedPawns":1,"rookOpenFiles":7,"rookSemiOpenFiles":0,"bishopPair":false,"kingRingPressure":1,"spaceControl":3},"evalBeforeShallow":{"depth":6,"lines":[{"move":"a2a1","winPct":50.00,"cp":0,"pv":["a2a1","c2c1","a1a2","c1c2","a2a1"]}]},"evalBeforeDeep":{"depth":8,"lines":[{"move":"a2a1","winPct":50.00,"cp":0,"pv":["a2a1","c2c1","a3a2","c1c2"]}]},"winPctBefore":50.00,"winPctAfterForPlayer":50.00,"deltaWinPct":0.00,"epBefore":0.50,"epAfter":0.50,"epLoss":0.00,"judgement":"best","phase":"endgame","semanticTags":["dry_position","black_space_advantage","black_comfortable_position"],"studyTags":["dry_position","black_space_advantage","black_comfortable_position"],"studyScore":0.08,"practicality":{"overall":1.00,"robustness":1.00,"horizon":1.00,"naturalness":1.00,"categoryGlobal":"Human-Friendly","category":"Human-Friendly"},"playedEvalCp":0,"concepts":{"dynamic":0.06,"drawish":0.61,"imbalanced":0.18,"tacticalDepth":0.00,"blunderRisk":0.00,"pawnStorm":0.00,"fortress":0.79,"colorComplex":0.10,"badBishop":0.00,"goodKnight":0.00,"rookActivity":0.00,"kingSafety":0.15,"dry":1.00,"comfortable":1.00,"unpleasant":0.00,"engineLike":0.00,"conversionDifficulty":0.00,"sacrificeQuality":0.00,"alphaZeroStyle":0.07},"conceptsBefore":{"dynamic":0.09,"drawish":0.59,"imbalanced":0.22,"tacticalDepth":0.00,"blunderRisk":0.00,"pawnStorm":0.00,"fortress":0.78,"colorComplex":0.37,"badBishop":0.00,"goodKnight":0.00,"rookActivity":0.00,"kingSafety":0.08,"dry":1.00,"comfortable":1.00,"unpleasant":0.00,"engineLike":0.00,"conversionDifficulty":0.00,"sacrificeQuality":0.00,"alphaZeroStyle":0.09},"conceptDelta":{"dynamic":-0.02,"drawish":0.02,"imbalanced":-0.04,"tacticalDepth":0.00,"blunderRisk":0.00,"pawnStorm":0.00,"fortress":0.01,"colorComplex":-0.27,"badBishop":0.00,"goodKnight":0.00,"rookActivity":0.00,"kingSafety":0.07,"dry":0.00,"comfortable":0.00,"unpleasant":0.00,"engineLike":0.00,"conversionDifficulty":0.00,"sacrificeQuality":0.00,"alphaZeroStyle":-0.02},"hypotheses":[{"move":"c2c1","winPct":50.00,"label":"Threat","pv":["c2c1","a2b3","c1b1","a3a2","b1a1","b3c2","a1a2","c2d2","a2a3","d2c2"]},{"move":"a2a1","winPct":50.00,"label":"QuietImprovement","pv":["a2a1","c2c1","a3a2","c1c2"]}],"conceptLabels":{"structureTags":["KingExposedWhite"],"planTags":[],"tacticTags":[],"mistakeTags":[],"endgameTags":[],"positionalTags":["DryPosition","SpaceAdvantage(Black)","ComfortablePosition(Black)"],"transitionTags":[],"missedPatternTypes":[],"richTags":[{"id":"struct:exposed_white","score":1.00,"category":"Structure","evidenceRefs":[{"kind":"structure","id":"struct:exposed_white"}]}],"evidence":{"kingSafety":{},"structure":{"struct:exposed_white":{"description":"White King Exposed","squares":["1","2","3"]}},"tactics":{},"placement":{},"plans":{},"pv":{}}}]},{"ply":9,"turn":"white","san":"Kc1","uci":"c2c1","fen":"8/8/8/8/8/p7/8/k1K5 b - - 3 5","fenBefore":"8/8/8/8/8/p7/2K5/k7 w - - 2 5","legalMoves":6,"features":{"pawnIslands":0,"isolatedPawns":0,"doubledPawns":0,"passedPawns":0,"rookOpenFiles":7,"rookSemiOpenFiles":1,"bishopPair":false,"kingRingPressure":2,"spaceControl":0},"evalBeforeShallow":{"depth":6,"lines":[{"move":"c2c1","winPct":50.00,"cp":0,"pv":["c2c1","a3a2","c1c2"]}]},"evalBeforeDeep":{"depth":8,"lines":[{"move":"c2c1","winPct":50.00,"cp":0,"pv":["c2c1","a3a2","c1c2"]}]},"winPctBefore":50.00,"winPctAfterForPlayer":50.00,"deltaWinPct":0.00,"epBefore":0.50,"epAfter":0.50,"epLoss":0.00,"judgement":"best","phase":"endgame","semanticTags":["white_fortress_defense","dry_position","white_comfortable_position"],"studyTags":["white_fortress_defense","dry_position","white_comfortable_position"],"studyScore":0.08,"practicality":{"overall":1.00,"robustness":1.00,"horizon":1.00,"naturalness":1.00,"categoryGlobal":"Human-Friendly","category":"Human-Friendly"},"playedEvalCp":0,"concepts":{"dynamic":0.05,"drawish":0.62,"imbalanced":0.18,"tacticalDepth":0.00,"blunderRisk":0.00,"pawnStorm":0.00,"fortress":0.75,"colorComplex":0.45,"badBishop":0.00,"goodKnight":0.00,"rookActivity":0.00,"kingSafety":0.13,"dry":1.00,"comfortable":1.00,"unpleasant":0.00,"engineLike":0.00,"conversionDifficulty":0.00,"sacrificeQuality":0.00,"alphaZeroStyle":0.10},"conceptsBefore":{"dynamic":0.05,"drawish":0.62,"imbalanced":0.18,"tacticalDepth":0.00,"blunderRisk":0.00,"pawnStorm":0.00,"fortress":0.75,"colorComplex":0.10,"badBishop":0.00,"goodKnight":0.00,"rookActivity":0.00,"kingSafety":0.20,"dry":1.00,"comfortable":1.00,"unpleasant":0.00,"engineLike":0.00,"conversionDifficulty":0.00,"sacrificeQuality":0.00,"alphaZeroStyle":0.07},"conceptDelta":{"dynamic":0.00,"drawish":0.00,"imbalanced":0.00,"tacticalDepth":0.00,"blunderRisk":0.00,"pawnStorm":0.00,"fortress":0.00,"colorComplex":0.35,"badBishop":0.00,"goodKnight":0.00,"rookActivity":0.00,"kingSafety":-0.07,"dry":0.00,"comfortable":0.00,"unpleasant":0.00,"engineLike":0.00,"conversionDifficulty":0.00,"sacrificeQuality":0.00,"alphaZeroStyle":0.03},"hypotheses":[{"move":"a1a2","winPct":50.00,"label":"Threat","pv":["a1a2","c2c1","a2b3","c1b1","a3a2","b1a1","b3c3","a1a2","c3c2","a2a1","c2b3"]},{"move":"c2c1","winPct":50.00,"label":"QuietImprovement","pv":["c2c1","a3a2","c1c2"]}],"conceptLabels":{"structureTags":["KingExposedWhite"],"planTags":[],"tacticTags":[],"mistakeTags":[],"endgameTags":[],"positionalTags":["FortressDefense(White)","DryPosition","ComfortablePosition(White)"],"transitionTags":[],"missedPatternTypes":[],"richTags":[{"id":"struct:exposed_white","score":1.00,"category":"Structure","evidenceRefs":[{"kind":"structure","id":"struct:exposed_white"}]}],"evidence":{"kingSafety":{},"structure":{"struct:exposed_white":{"description":"White King Exposed","squares":["1","2","3"]}},"tactics":{},"placement":{},"plans":{},"pv":{}}}]},{"ply":10,"turn":"black","san":"a2","uci":"a3a2","fen":"8/8/8/8/8/8/p7/k1K5 w - - 0 6","fenBefore":"8/8/8/8/8/p7/8/k1K5 b - - 3 5","legalMoves":2,"features":{"pawnIslands":1,"isolatedPawns":1,"doubledPawns":0,"passedPawns":1,"rookOpenFiles":7,"rookSemiOpenFiles":0,"bishopPair":false,"kingRingPressure":1,"spaceControl":3},"evalBeforeShallow":{"depth":6,"lines":[{"move":"a3a2","winPct":50.00,"cp":0,"pv":["a3a2","c1c2"]}]},"evalBeforeDeep":{"depth":8,"lines":[{"move":"a1a2","winPct":50.00,"cp":0,"pv":["a1a2","c1c2","a2a1","c2c1"]}]},"winPctBefore":50.00,"winPctAfterForPlayer":50.00,"deltaWinPct":0.00,"epBefore":0.50,"epAfter":0.50,"epLoss":0.00,"judgement":"best","phase":"endgame","semanticTags":["dry_position","black_space_advantage","black_comfortable_position"],"studyTags":["dry_position","black_space_advantage","black_comfortable_position"],"studyScore":0.08,"practicality":{"overall":1.00,"robustness":1.00,"horizon":1.00,"naturalness":1.00,"categoryGlobal":"Human-Friendly","category":"Human-Friendly"},"playedEvalCp":0,"concepts":{"dynamic":0.06,"drawish":0.61,"imbalanced":0.18,"tacticalDepth":0.00,"blunderRisk":0.00,"pawnStorm":0.00,"fortress":0.79,"colorComplex":0.27,"badBishop":0.00,"goodKnight":0.00,"rookActivity":0.00,"kingSafety":0.15,"dry":1.00,"comfortable":1.00,"unpleasant":0.00,"engineLike":0.00,"conversionDifficulty":0.00,"sacrificeQuality":0.00,"alphaZeroStyle":0.08},"conceptsBefore":{"dynamic":0.06,"drawish":0.61,"imbalanced":0.18,"tacticalDepth":0.00,"blunderRisk":0.00,"pawnStorm":0.00,"fortress":0.79,"colorComplex":0.45,"badBishop":0.00,"goodKnight":0.00,"rookActivity":0.00,"kingSafety":0.08,"dry":1.00,"comfortable":1.00,"unpleasant":0.00,"engineLike":0.00,"conversionDifficulty":0.00,"sacrificeQuality":0.00,"alphaZeroStyle":0.09},"conceptDelta":{"dynamic":0.00,"drawish":0.00,"imbalanced":0.00,"tacticalDepth":0.00,"blunderRisk":0.00,"pawnStorm":0.00,"fortress":0.00,"colorComplex":-0.18,"badBishop":0.00,"goodKnight":0.00,"rookActivity":0.00,"kingSafety":0.07,"dry":0.00,"comfortable":0.00,"unpleasant":0.00,"engineLike":0.00,"conversionDifficulty":0.00,"sacrificeQuality":0.00,"alphaZeroStyle":-0.01},"hypotheses":[{"move":"c1c2","winPct":50.00,"label":"Threat","pv":["c1c2","a1a2","c2c1","a2b3","c1b1","b3b4","b1a2","b4a4","a2a1","a4b3"]},{"move":"a1a2","winPct":50.00,"label":"QuietImprovement","pv":["a1a2","c1c2","a2a1","c2b3","a1b1","b3a3","b1c1"]}],"conceptLabels":{"structureTags":["KingExposedWhite"],"planTags":[],"tacticTags":[],"mistakeTags":[],"endgameTags":[],"positionalTags":["DryPosition","SpaceAdvantage(Black)","ComfortablePosition(Black)"],"transitionTags":[],"missedPatternTypes":[],"richTags":[{"id":"struct:exposed_white","score":1.00,"category":"Structure","evidenceRefs":[{"kind":"structure","id":"struct:exposed_white"}]}],"evidence":{"kingSafety":{},"structure":{"struct:exposed_white":{"description":"White King Exposed","squares":["1","2","3"]}},"tactics":{},"placement":{},"plans":{},"pv":{}}}]},{"ply":11,"turn":"white","san":"Kc2","uci":"c1c2","fen":"8/8/8/8/8/8/p1K5/k7 b - - 1 6","fenBefore":"8/8/8/8/8/8/p7/k1K5 w - - 0 6","legalMoves":3,"features":{"pawnIslands":0,"isolatedPawns":0,"doubledPawns":0,"passedPawns":0,"rookOpenFiles":7,"rookSemiOpenFiles":1,"bishopPair":false,"kingRingPressure":2,"spaceControl":0},"evalBeforeShallow":{"depth":6,"lines":[{"move":"c1c2","winPct":50.00,"cp":0,"pv":["c1c2"]}]},"evalBeforeDeep":{"depth":8,"lines":[{"move":"c1c2","winPct":50.00,"cp":0,"pv":["c1c2"]}]},"winPctBefore":50.00,"winPctAfterForPlayer":50.00,"deltaWinPct":0.00,"epBefore":0.50,"epAfter":0.50,"epLoss":0.00,"judgement":"draw","phase":"endgame","semanticTags":["white_fortress_defense","dry_position","white_comfortable_position"],"studyTags":["white_fortress_defense","dry_position","white_comfortable_position"],"studyScore":0.08,"practicality":{"overall":1.00,"robustness":1.00,"horizon":1.00,"naturalness":1.00,"categoryGlobal":"Human-Friendly","category":"Human-Friendly"},"playedEvalCp":0,"concepts":{"dynamic":0.05,"drawish":0.62,"imbalanced":0.18,"tacticalDepth":0.00,"blunderRisk":0.00,"pawnStorm":0.00,"fortress":0.79,"colorComplex":0.45,"badBishop":0.00,"goodKnight":0.00,"rookActivity":0.00,"kingSafety":0.13,"dry":1.00,"comfortable":1.00,"unpleasant":0.00,"engineLike":0.00,"conversionDifficulty":0.00,"sacrificeQuality":0.00,"alphaZeroStyle":0.10},"conceptsBefore":{"dynamic":0.05,"drawish":0.62,"imbalanced":0.18,"tacticalDepth":0.00,"blunderRisk":0.00,"pawnStorm":0.00,"fortress":0.79,"colorComplex":0.27,"badBishop":0.00,"goodKnight":0.00,"rookActivity":0.00,"kingSafety":0.20,"dry":1.00,"comfortable":1.00,"unpleasant":0.00,"engineLike":0.00,"conversionDifficulty":0.00,"sacrificeQuality":0.00,"alphaZeroStyle":0.09},"conceptDelta":{"dynamic":0.00,"drawish":0.00,"imbalanced":0.00,"tacticalDepth":0.00,"blunderRisk":0.00,"pawnStorm":0.00,"fortress":0.00,"colorComplex":0.18,"badBishop":0.00,"goodKnight":0.00,"rookActivity":0.00,"kingSafety":-0.07,"dry":0.00,"comfortable":0.00,"unpleasant":0.00,"engineLike":0.00,"conversionDifficulty":0.00,"sacrificeQuality":0.00,"alphaZeroStyle":0.01},"hypotheses":[{"move":"c1c2","winPct":50.00,"label":"QuietImprovement","pv":["c1c2"]}],"conceptLabels":{"structureTags":["KingExposedWhite"],"planTags":[],"tacticTags":[],"mistakeTags":[],"endgameTags":["KingActivityGood"],"positionalTags":["FortressDefense(White)","DryPosition","ComfortablePosition(White)"],"transitionTags":[],"missedPatternTypes":[],"richTags":[{"id":"struct:exposed_white","score":1.00,"category":"Structure","evidenceRefs":[{"kind":"structure","id":"struct:exposed_white"}]}],"evidence":{"kingSafety":{},"structure":{"struct:exposed_white":{"description":"White King Exposed","squares":["1","2","3"]}},"tactics":{},"placement":{},"plans":{},"pv":{}}}]}]}[0m
[92m+{"schemaVersion":4,"createdAt":"2025-12-19T21:03:07.297542300Z","engineInfo":{"name":"Stockfish 16","depth":"Variable"},"root":{"ply":1,"san":"Kc3","uci":"c2c3","fen":"8/8/8/8/p7/P1K5/k7/8 b - - 1 1","eval":0.00,"evalType":"cp","judgement":"good","glyph":"!","nodeType":"mainline","tags":["dry_position","drawish_position","white_comfortable_position"],"bestMove":"c2d1","bestEval":0.00,"pv":["c2d1","a2b2","d1d2","b2b3","d2d3","b3b2"],"concepts":{"dynamic":0.09,"drawish":0.82,"imbalanced":0.04,"tacticalDepth":0.00,"blunderRisk":0.00,"pawnStorm":0.00,"fortress":0.78,"colorComplex":0.37,"badBishop":0.00,"goodKnight":0.00,"rookActivity":0.00,"kingSafety":0.13,"dry":1.00,"comfortable":1.00,"unpleasant":0.00,"engineLike":0.00,"conversionDifficulty":0.00,"sacrificeQuality":0.00,"alphaZeroStyle":0.07},"features":{"pawnIslands":1,"isolatedPawns":1,"doubledPawns":0,"passedPawns":0,"rookOpenFiles":7,"rookSemiOpenFiles":0,"bishopPair":false,"kingRingPressure":2,"spaceControl":3},"children":[{"ply":2,"san":"Kxa3","uci":"a2a3","fen":"8/8/8/8/p7/k1K5/8/8 w - - 0 2","eval":10.00,"evalType":"cp","judgement":"good","glyph":"!","nodeType":"mainline","tags":["dry_position","black_comfortable_position"],"bestMove":"a2a3","bestEval":10.00,"pv":["a2a3","c3c2","a3a2","c2c1"],"concepts":{"dynamic":0.34,"drawish":0.39,"imbalanced":0.16,"tacticalDepth":0.00,"blunderRisk":0.00,"pawnStorm":0.00,"fortress":0.73,"colorComplex":0.10,"badBishop":0.00,"goodKnight":0.00,"rookActivity":0.00,"kingSafety":0.15,"dry":0.97,"comfortable":1.00,"unpleasant":0.00,"engineLike":0.00,"conversionDifficulty":0.00,"sacrificeQuality":0.00,"alphaZeroStyle":0.09},"features":{"pawnIslands":1,"isolatedPawns":1,"doubledPawns":0,"passedPawns":1,"rookOpenFiles":7,"rookSemiOpenFiles":0,"bishopPair":false,"kingRingPressure":1,"spaceControl":5},"children":[{"ply":3,"san":"Kc2","uci":"c3c2","fen":"8/8/8/8/p7/k7/2K5/8 b - - 1 2","eval":-10.00,"evalType":"cp","judgement":"good","glyph":"!","nodeType":"mainline","tags":["white_fortress_defense","dry_position","white_comfortable_position"],"bestMove":"c3c2","bestEval":-10.00,"pv":["c3c2","a3a2","c2c1","a2b3","c1b1","b3c3","b1a2","c3d2"],"concepts":{"dynamic":0.05,"drawish":0.50,"imbalanced":0.22,"tacticalDepth":0.00,"blunderRisk":0.00,"pawnStorm":0.00,"fortress":0.79,"colorComplex":0.37,"badBishop":0.00,"goodKnight":0.00,"rookActivity":0.00,"kingSafety":0.13,"dry":1.00,"comfortable":1.00,"unpleasant":0.00,"engineLike":0.00,"conversionDifficulty":0.00,"sacrificeQuality":0.00,"alphaZeroStyle":0.09},"features":{"pawnIslands":0,"isolatedPawns":0,"doubledPawns":0,"passedPawns":0,"rookOpenFiles":7,"rookSemiOpenFiles":1,"bishopPair":false,"kingRingPressure":2,"spaceControl":0},"children":[{"ply":4,"san":"Ka2","uci":"a3a2","fen":"8/8/8/8/p7/8/k1K5/8 w - - 2 3","eval":19.00,"evalType":"cp","judgement":"good","glyph":"!","nodeType":"mainline","tags":["dry_position","black_space_advantage","black_comfortable_position"],"bestMove":"a3b4","bestEval":19.00,"pv":["a3b4","c2b1","b4b3"],"concepts":{"dynamic":0.09,"drawish":0.51,"imbalanced":0.22,"tacticalDepth":0.00,"blunderRisk":0.00,"pawnStorm":0.00,"fortress":0.78,"colorComplex":0.10,"badBishop":0.00,"goodKnight":0.00,"rookActivity":0.00,"kingSafety":0.15,"dry":1.00,"comfortable":1.00,"unpleasant":0.00,"engineLike":0.00,"conversionDifficulty":0.00,"sacrificeQuality":0.00,"alphaZeroStyle":0.07},"features":{"pawnIslands":1,"isolatedPawns":1,"doubledPawns":0,"passedPawns":1,"rookOpenFiles":7,"rookSemiOpenFiles":0,"bishopPair":false,"kingRingPressure":1,"spaceControl":5},"children":[{"ply":5,"san":"Kc1","uci":"c2c1","fen":"8/8/8/8/p7/8/k7/2K5 b - - 3 3","eval":-14.00,"evalType":"cp","judgement":"best","glyph":"!","nodeType":"mainline","tags":["white_fortress_defense","dry_position","white_comfortable_position"],"bestMove":"c2c1","bestEval":-14.00,"pv":["c2c1","a2a3","c1c2","a3b4","c2b2","a4a3","b2b1"],"concepts":{"dynamic":0.03,"drawish":0.63,"imbalanced":0.22,"tacticalDepth":0.00,"blunderRisk":0.00,"pawnStorm":0.00,"fortress":0.75,"colorComplex":0.37,"badBishop":0.00,"goodKnight":0.00,"rookActivity":0.00,"kingSafety":0.08,"dry":1.00,"comfortable":1.00,"unpleasant":0.00,"engineLike":0.00,"conversionDifficulty":0.00,"sacrificeQuality":0.00,"alphaZeroStyle":0.08},"features":{"pawnIslands":0,"isolatedPawns":0,"doubledPawns":0,"passedPawns":0,"rookOpenFiles":7,"rookSemiOpenFiles":1,"bishopPair":false,"kingRingPressure":1,"spaceControl":0},"children":[{"ply":6,"san":"a3","uci":"a4a3","fen":"8/8/8/8/8/p7/k7/2K5 w - - 0 4","eval":1.00,"evalType":"cp","judgement":"good","glyph":"!","nodeType":"mainline","tags":["dry_position","black_space_advantage","black_comfortable_position"],"bestMove":"a2b3","bestEval":1.00,"pv":["a2b3","c1b1","a4a3","b1a1","b3c3"],"concepts":{"dynamic":0.09,"drawish":0.59,"imbalanced":0.22,"tacticalDepth":0.00,"blunderRisk":0.00,"pawnStorm":0.00,"fortress":0.78,"colorComplex":0.27,"badBishop":0.00,"goodKnight":0.00,"rookActivity":0.00,"kingSafety":0.15,"dry":1.00,"comfortable":1.00,"unpleasant":0.00,"engineLike":0.00,"conversionDifficulty":0.00,"sacrificeQuality":0.00,"alphaZeroStyle":0.09},"features":{"pawnIslands":1,"isolatedPawns":1,"doubledPawns":0,"passedPawns":1,"rookOpenFiles":7,"rookSemiOpenFiles":0,"bishopPair":false,"kingRingPressure":1,"spaceControl":5},"children":[{"ply":7,"san":"Kc2","uci":"c1c2","fen":"8/8/8/8/8/p7/k1K5/8 b - - 1 4","eval":0.00,"evalType":"cp","judgement":"best","glyph":"!","nodeType":"mainline","tags":["white_fortress_defense","dry_position","white_comfortable_position"],"bestMove":"c1c2","bestEval":0.00,"pv":["c1c2","a2a1","c2b3","a3a2","b3c2"],"concepts":{"dynamic":0.05,"drawish":0.62,"imbalanced":0.22,"tacticalDepth":0.00,"blunderRisk":0.00,"pawnStorm":0.00,"fortress":0.79,"colorComplex":0.37,"badBishop":0.00,"goodKnight":0.00,"rookActivity":0.00,"kingSafety":0.13,"dry":1.00,"comfortable":1.00,"unpleasant":0.00,"engineLike":0.00,"conversionDifficulty":0.00,"sacrificeQuality":0.00,"alphaZeroStyle":0.09},"features":{"pawnIslands":0,"isolatedPawns":0,"doubledPawns":0,"passedPawns":0,"rookOpenFiles":7,"rookSemiOpenFiles":1,"bishopPair":false,"kingRingPressure":2,"spaceControl":0},"children":[{"ply":8,"san":"Ka1","uci":"a2a1","fen":"8/8/8/8/8/p7/2K5/k7 w - - 2 5","eval":0.00,"evalType":"cp","judgement":"best","glyph":"!","nodeType":"mainline","tags":["dry_position","black_space_advantage","black_comfortable_position"],"bestMove":"a2a1","bestEval":0.00,"pv":["a2a1","c2b3","a3a2","b3c2"],"concepts":{"dynamic":0.06,"drawish":0.61,"imbalanced":0.18,"tacticalDepth":0.00,"blunderRisk":0.00,"pawnStorm":0.00,"fortress":0.79,"colorComplex":0.10,"badBishop":0.00,"goodKnight":0.00,"rookActivity":0.00,"kingSafety":0.15,"dry":1.00,"comfortable":1.00,"unpleasant":0.00,"engineLike":0.00,"conversionDifficulty":0.00,"sacrificeQuality":0.00,"alphaZeroStyle":0.07},"features":{"pawnIslands":1,"isolatedPawns":1,"doubledPawns":0,"passedPawns":1,"rookOpenFiles":7,"rookSemiOpenFiles":0,"bishopPair":false,"kingRingPressure":1,"spaceControl":3},"children":[{"ply":9,"san":"Kc1","uci":"c2c1","fen":"8/8/8/8/8/p7/8/k1K5 b - - 3 5","eval":0.00,"evalType":"cp","judgement":"best","glyph":"!","nodeType":"mainline","tags":["white_fortress_defense","dry_position","white_comfortable_position"],"bestMove":"c2c1","bestEval":0.00,"pv":["c2c1","a3a2","c1c2"],"concepts":{"dynamic":0.05,"drawish":0.62,"imbalanced":0.18,"tacticalDepth":0.00,"blunderRisk":0.00,"pawnStorm":0.00,"fortress":0.75,"colorComplex":0.45,"badBishop":0.00,"goodKnight":0.00,"rookActivity":0.00,"kingSafety":0.13,"dry":1.00,"comfortable":1.00,"unpleasant":0.00,"engineLike":0.00,"conversionDifficulty":0.00,"sacrificeQuality":0.00,"alphaZeroStyle":0.10},"features":{"pawnIslands":0,"isolatedPawns":0,"doubledPawns":0,"passedPawns":0,"rookOpenFiles":7,"rookSemiOpenFiles":1,"bishopPair":false,"kingRingPressure":2,"spaceControl":0},"children":[{"ply":10,"san":"a2","uci":"a3a2","fen":"8/8/8/8/8/8/p7/k1K5 w - - 0 6","eval":0.00,"evalType":"cp","judgement":"best","glyph":"!","nodeType":"mainline","tags":["dry_position","black_space_advantage","black_comfortable_position"],"bestMove":"a3a2","bestEval":0.00,"pv":["a3a2","c1c2"],"concepts":{"dynamic":0.06,"drawish":0.61,"imbalanced":0.18,"tacticalDepth":0.00,"blunderRisk":0.00,"pawnStorm":0.00,"fortress":0.79,"colorComplex":0.27,"badBishop":0.00,"goodKnight":0.00,"rookActivity":0.00,"kingSafety":0.15,"dry":1.00,"comfortable":1.00,"unpleasant":0.00,"engineLike":0.00,"conversionDifficulty":0.00,"sacrificeQuality":0.00,"alphaZeroStyle":0.08},"features":{"pawnIslands":1,"isolatedPawns":1,"doubledPawns":0,"passedPawns":1,"rookOpenFiles":7,"rookSemiOpenFiles":0,"bishopPair":false,"kingRingPressure":1,"spaceControl":3},"children":[{"ply":11,"san":"Kc2","uci":"c1c2","fen":"8/8/8/8/8/8/p1K5/k7 b - - 1 6","eval":0.00,"evalType":"cp","judgement":"draw","glyph":"","nodeType":"mainline","tags":["white_fortress_defense","dry_position","white_comfortable_position"],"bestMove":"c1c2","bestEval":0.00,"pv":["c1c2"],"concepts":{"dynamic":0.05,"drawish":0.62,"imbalanced":0.18,"tacticalDepth":0.00,"blunderRisk":0.00,"pawnStorm":0.00,"fortress":0.79,"colorComplex":0.45,"badBishop":0.00,"goodKnight":0.00,"rookActivity":0.00,"kingSafety":0.13,"dry":1.00,"comfortable":1.00,"unpleasant":0.00,"engineLike":0.00,"conversionDifficulty":0.00,"sacrificeQuality":0.00,"alphaZeroStyle":0.10},"features":{"pawnIslands":0,"isolatedPawns":0,"doubledPawns":0,"passedPawns":0,"rookOpenFiles":7,"rookSemiOpenFiles":1,"bishopPair":false,"kingRingPressure":2,"spaceControl":0},"children":[]}]}]}]}]}]}]},{"ply":4,"san":"Ka2","uci":"a3a2","fen":"8/8/8/8/p7/8/k1K5/8 w - - 2 3","eval":0.00,"evalType":"cp","judgement":"variation","glyph":"","nodeType":"critical","tags":["variation"],"pv":["c2c1","a2a1","c1c2","a1a2"],"children":[{"ply":5,"san":"Kc1","uci":"c2c1","fen":"8/8/8/8/p7/8/k7/2K5 b - - 3 3","eval":0.00,"evalType":"cp","judgement":"variation","glyph":"","nodeType":"variation","tags":["variation"],"pv":["a2a1","c1c2","a1a2"],"children":[{"ply":6,"san":"Ka1","uci":"a2a1","fen":"8/8/8/8/p7/8/8/k1K5 w - - 4 4","eval":0.00,"evalType":"cp","judgement":"variation","glyph":"","nodeType":"variation","tags":["variation"],"pv":["c1c2","a1a2"],"children":[{"ply":7,"san":"Kc2","uci":"c1c2","fen":"8/8/8/8/p7/8/2K5/k7 b - - 5 4","eval":0.00,"evalType":"cp","judgement":"variation","glyph":"","nodeType":"variation","tags":["variation"],"pv":["a1a2"],"children":[{"ply":8,"san":"Ka2","uci":"a1a2","fen":"8/8/8/8/p7/8/k1K5/8 w - - 6 5","eval":0.00,"evalType":"cp","judgement":"variation","glyph":"","nodeType":"variation","tags":["variation"],"children":[]}]}]}]}]},{"ply":4,"san":"Kb4","uci":"a3b4","fen":"8/8/8/8/pk6/8/2K5/8 w - - 2 3","eval":0.00,"evalType":"cp","judgement":"variation","glyph":"","nodeType":"sideline","tags":["variation"],"pv":["c2b2","b4a5","b2b1","a5a6"],"children":[{"ply":5,"san":"Kb2","uci":"c2b2","fen":"8/8/8/8/pk6/8/1K6/8 b - - 3 3","eval":0.00,"evalType":"cp","judgement":"variation","glyph":"","nodeType":"variation","tags":["variation"],"pv":["b4a5","b2b1","a5a6"],"children":[{"ply":6,"san":"Ka5","uci":"b4a5","fen":"8/8/8/k7/p7/8/1K6/8 w - - 4 4","eval":0.00,"evalType":"cp","judgement":"variation","glyph":"","nodeType":"variation","tags":["variation"],"pv":["b2b1","a5a6"],"children":[{"ply":7,"san":"Kb1","uci":"b2b1","fen":"8/8/8/k7/p7/8/8/1K6 b - - 5 4","eval":0.00,"evalType":"cp","judgement":"variation","glyph":"","nodeType":"variation","tags":["variation"],"pv":["a5a6"],"children":[{"ply":8,"san":"Ka6","uci":"a5a6","fen":"8/8/k7/8/p7/8/8/1K6 w - - 6 5","eval":0.00,"evalType":"cp","judgement":"variation","glyph":"","nodeType":"variation","tags":["variation"],"children":[]}]}]}]}]}]}]},{"ply":2,"san":"Kxa3","uci":"a2a3","fen":"8/8/8/8/p7/k1K5/8/8 w - - 0 2","eval":3.00,"evalType":"cp","judgement":"variation","glyph":"","nodeType":"critical","tags":["variation"],"pv":["c3c2","a3b4","c2b2","a4a3","b2a2","b4a4","a2b1","a3a2","b1a1"],"children":[{"ply":3,"san":"Kc2","uci":"c3c2","fen":"8/8/8/8/p7/k7/2K5/8 b - - 1 2","eval":3.00,"evalType":"cp","judgement":"variation","glyph":"","nodeType":"variation","tags":["variation"],"pv":["a3b4","c2b2","a4a3","b2a2","b4a4","a2b1","a3a2","b1a1"],"children":[{"ply":4,"san":"Kb4","uci":"a3b4","fen":"8/8/8/8/pk6/8/2K5/8 w - - 2 3","eval":3.00,"evalType":"cp","judgement":"variation","glyph":"","nodeType":"variation","tags":["variation"],"pv":["c2b2","a4a3","b2a2","b4a4","a2b1","a3a2","b1a1"],"children":[{"ply":5,"san":"Kb2","uci":"c2b2","fen":"8/8/8/8/pk6/8/1K6/8 b - - 3 3","eval":3.00,"evalType":"cp","judgement":"variation","glyph":"","nodeType":"variation","tags":["variation"],"pv":["a4a3","b2a2","b4a4","a2b1","a3a2","b1a1"],"children":[{"ply":6,"san":"a3+","uci":"a4a3","fen":"8/8/8/8/1k6/p7/1K6/8 w - - 0 4","eval":3.00,"evalType":"cp","judgement":"variation","glyph":"","nodeType":"variation","tags":["variation"],"pv":["b2a2","b4a4","a2b1","a3a2","b1a1"],"children":[{"ply":7,"san":"Ka2","uci":"b2a2","fen":"8/8/8/8/1k6/p7/K7/8 b - - 1 4","eval":3.00,"evalType":"cp","judgement":"variation","glyph":"","nodeType":"variation","tags":["variation"],"pv":["b4a4","a2b1","a3a2","b1a1"],"children":[{"ply":8,"san":"Ka4","uci":"b4a4","fen":"8/8/8/8/k7/p7/K7/8 w - - 2 5","eval":3.00,"evalType":"cp","judgement":"variation","glyph":"","nodeType":"variation","tags":["variation"],"pv":["a2b1","a3a2","b1a1"],"children":[{"ply":9,"san":"Kb1","uci":"a2b1","fen":"8/8/8/8/k7/p7/8/1K6 b - - 3 5","eval":3.00,"evalType":"cp","judgement":"variation","glyph":"","nodeType":"variation","tags":["variation"],"pv":["a3a2","b1a1"],"children":[{"ply":10,"san":"a2+","uci":"a3a2","fen":"8/8/8/8/k7/8/p7/1K6 w - - 0 6","eval":3.00,"evalType":"cp","judgement":"variation","glyph":"","nodeType":"variation","tags":["variation"],"pv":["b1a1"],"children":[{"ply":11,"san":"Ka1","uci":"b1a1","fen":"8/8/8/8/k7/8/p7/K7 b - - 1 6","eval":3.00,"evalType":"cp","judgement":"variation","glyph":"","nodeType":"variation","tags":["variation"],"children":[]}]}]}]}]}]}]}]}]}]},{"ply":2,"san":"Kb1","uci":"a2b1","fen":"8/8/8/8/p7/P1K5/8/1k6 w - - 2 2","eval":-472.00,"evalType":"cp","judgement":"variation","glyph":"","nodeType":"sideline","tags":["variation"],"pv":["c3b4","b1c2","b4a4","c2b2","a4b4","b2a1"],"children":[{"ply":3,"san":"Kb4","uci":"c3b4","fen":"8/8/8/8/pK6/P7/8/1k6 b - - 3 2","eval":-472.00,"evalType":"cp","judgement":"variation","glyph":"","nodeType":"variation","tags":["variation"],"pv":["b1c2","b4a4","c2b2","a4b4","b2a1"],"children":[{"ply":4,"san":"Kc2","uci":"b1c2","fen":"8/8/8/8/pK6/P7/2k5/8 w - - 4 3","eval":-472.00,"evalType":"cp","judgement":"variation","glyph":"","nodeType":"variation","tags":["variation"],"pv":["b4a4","c2b2","a4b4","b2a1"],"children":[{"ply":5,"san":"Kxa4","uci":"b4a4","fen":"8/8/8/8/K7/P7/2k5/8 b - - 0 3","eval":-472.00,"evalType":"cp","judgement":"variation","glyph":"","nodeType":"variation","tags":["variation"],"pv":["c2b2","a4b4","b2a1"],"children":[{"ply":6,"san":"Kb2","uci":"c2b2","fen":"8/8/8/8/K7/P7/1k6/8 w - - 1 4","eval":-472.00,"evalType":"cp","judgement":"variation","glyph":"","nodeType":"variation","tags":["variation"],"pv":["a4b4","b2a1"],"children":[{"ply":7,"san":"Kb4","uci":"a4b4","fen":"8/8/8/8/1K6/P7/1k6/8 b - - 2 4","eval":-472.00,"evalType":"cp","judgement":"variation","glyph":"","nodeType":"variation","tags":["variation"],"pv":["b2a1"],"children":[{"ply":8,"san":"Ka1","uci":"b2a1","fen":"8/8/8/8/1K6/P7/8/k7 w - - 3 5","eval":-472.00,"evalType":"cp","judgement":"variation","glyph":"","nodeType":"variation","tags":["variation"],"children":[]}]}]}]}]}]}]},{"ply":2,"san":"Ka1","uci":"a2a1","fen":"8/8/8/8/p7/P1K5/8/k7 w - - 2 2","eval":-485.00,"evalType":"cp","judgement":"variation","glyph":"","nodeType":"sideline","tags":["variation"],"pv":["c3b4","a1b2","b4a4","b2c3","a4b5","c3b3"],"children":[{"ply":3,"san":"Kb4","uci":"c3b4","fen":"8/8/8/8/pK6/P7/8/k7 b - - 3 2","eval":-485.00,"evalType":"cp","judgement":"variation","glyph":"","nodeType":"variation","tags":["variation"],"pv":["a1b2","b4a4","b2c3","a4b5","c3b3"],"children":[{"ply":4,"san":"Kb2","uci":"a1b2","fen":"8/8/8/8/pK6/P7/1k6/8 w - - 4 3","eval":-485.00,"evalType":"cp","judgement":"variation","glyph":"","nodeType":"variation","tags":["variation"],"pv":["b4a4","b2c3","a4b5","c3b3"],"children":[{"ply":5,"san":"Kxa4","uci":"b4a4","fen":"8/8/8/8/K7/P7/1k6/8 b - - 0 3","eval":-485.00,"evalType":"cp","judgement":"variation","glyph":"","nodeType":"variation","tags":["variation"],"pv":["b2c3","a4b5","c3b3"],"children":[{"ply":6,"san":"Kc3","uci":"b2c3","fen":"8/8/8/8/K7/P1k5/8/8 w - - 1 4","eval":-485.00,"evalType":"cp","judgement":"variation","glyph":"","nodeType":"variation","tags":["variation"],"pv":["a4b5","c3b3"],"children":[{"ply":7,"san":"Kb5","uci":"a4b5","fen":"8/8/8/1K6/8/P1k5/8/8 b - - 2 4","eval":-485.00,"evalType":"cp","judgement":"variation","glyph":"","nodeType":"variation","tags":["variation"],"pv":["c3b3"],"children":[{"ply":8,"san":"Kb3","uci":"c3b3","fen":"8/8/8/1K6/8/Pk6/8/8 w - - 3 5","eval":-485.00,"evalType":"cp","judgement":"variation","glyph":"","nodeType":"variation","tags":["variation"],"children":[]}]}]}]}]}]}]}]},{"ply":1,"san":"Kc1","uci":"c2c1","fen":"8/8/8/8/p7/P7/k7/2K5 b - - 1 1","eval":-22.00,"evalType":"cp","judgement":"variation","glyph":"","nodeType":"critical","tags":["variation"],"pv":["a2a3","c1c2","a3a2","c2c1","a2b3","c1b1"],"children":[{"ply":2,"san":"Kxa3","uci":"a2a3","fen":"8/8/8/8/p7/k7/8/2K5 w - - 0 2","eval":-22.00,"evalType":"cp","judgement":"variation","glyph":"","nodeType":"variation","tags":["variation"],"pv":["c1c2","a3a2","c2c1","a2b3","c1b1"],"children":[{"ply":3,"san":"Kc2","uci":"c1c2","fen":"8/8/8/8/p7/k7/2K5/8 b - - 1 2","eval":-22.00,"evalType":"cp","judgement":"variation","glyph":"","nodeType":"variation","tags":["variation"],"pv":["a3a2","c2c1","a2b3","c1b1"],"children":[{"ply":4,"san":"Ka2","uci":"a3a2","fen":"8/8/8/8/p7/8/k1K5/8 w - - 2 3","eval":-22.00,"evalType":"cp","judgement":"variation","glyph":"","nodeType":"variation","tags":["variation"],"pv":["c2c1","a2b3","c1b1"],"children":[{"ply":5,"san":"Kc1","uci":"c2c1","fen":"8/8/8/8/p7/8/k7/2K5 b - - 3 3","eval":-22.00,"evalType":"cp","judgement":"variation","glyph":"","nodeType":"variation","tags":["variation"],"pv":["a2b3","c1b1"],"children":[{"ply":6,"san":"Kb3","uci":"a2b3","fen":"8/8/8/8/p7/1k6/8/2K5 w - - 4 4","eval":-22.00,"evalType":"cp","judgement":"variation","glyph":"","nodeType":"variation","tags":["variation"],"pv":["c1b1"],"children":[{"ply":7,"san":"Kb1","uci":"c1b1","fen":"8/8/8/8/p7/1k6/8/1K6 b - - 5 4","eval":-22.00,"evalType":"cp","judgement":"variation","glyph":"","nodeType":"variation","tags":["variation"],"children":[]}]}]}]}]}]}]},{"ply":1,"san":"Kd3","uci":"c2d3","fen":"8/8/8/8/p7/P2K4/k7/8 b - - 1 1","eval":-23.00,"evalType":"cp","judgement":"variation","glyph":"","nodeType":"sideline","tags":["variation"],"pv":["a2a3","d3c2","a3a2","c2c1"],"children":[{"ply":2,"san":"Kxa3","uci":"a2a3","fen":"8/8/8/8/p7/k2K4/8/8 w - - 0 2","eval":-23.00,"evalType":"cp","judgement":"variation","glyph":"","nodeType":"variation","tags":["variation"],"pv":["d3c2","a3a2","c2c1"],"children":[{"ply":3,"san":"Kc2","uci":"d3c2","fen":"8/8/8/8/p7/k7/2K5/8 b - - 1 2","eval":-23.00,"evalType":"cp","judgement":"variation","glyph":"","nodeType":"variation","tags":["variation"],"pv":["a3a2","c2c1"],"children":[{"ply":4,"san":"Ka2","uci":"a3a2","fen":"8/8/8/8/p7/8/k1K5/8 w - - 2 3","eval":-23.00,"evalType":"cp","judgement":"variation","glyph":"","nodeType":"variation","tags":["variation"],"pv":["c2c1"],"children":[{"ply":5,"san":"Kc1","uci":"c2c1","fen":"8/8/8/8/p7/8/k7/2K5 b - - 3 3","eval":-23.00,"evalType":"cp","judgement":"variation","glyph":"","nodeType":"variation","tags":["variation"],"children":[]}]}]}]}]},{"ply":1,"san":"Kc3","uci":"c2c3","fen":"8/8/8/8/p7/P1K5/k7/8 b - - 1 1","eval":-23.00,"evalType":"cp","judgement":"variation","glyph":"","nodeType":"sideline","tags":["variation"],"pv":["a2a3","c3c2","a3b4","c2b2","a4a3","b2c2"],"children":[{"ply":2,"san":"Kxa3","uci":"a2a3","fen":"8/8/8/8/p7/k1K5/8/8 w - - 0 2","eval":-23.00,"evalType":"cp","judgement":"variation","glyph":"","nodeType":"variation","tags":["variation"],"pv":["c3c2","a3b4","c2b2","a4a3","b2c2"],"children":[{"ply":3,"san":"Kc2","uci":"c3c2","fen":"8/8/8/8/p7/k7/2K5/8 b - - 1 2","eval":-23.00,"evalType":"cp","judgement":"variation","glyph":"","nodeType":"variation","tags":["variation"],"pv":["a3b4","c2b2","a4a3","b2c2"],"children":[{"ply":4,"san":"Kb4","uci":"a3b4","fen":"8/8/8/8/pk6/8/2K5/8 w - - 2 3","eval":-23.00,"evalType":"cp","judgement":"variation","glyph":"","nodeType":"variation","tags":["variation"],"pv":["c2b2","a4a3","b2c2"],"children":[{"ply":5,"san":"Kb2","uci":"c2b2","fen":"8/8/8/8/pk6/8/1K6/8 b - - 3 3","eval":-23.00,"evalType":"cp","judgement":"variation","glyph":"","nodeType":"variation","tags":["variation"],"pv":["a4a3","b2c2"],"children":[{"ply":6,"san":"a3+","uci":"a4a3","fen":"8/8/8/8/1k6/p7/1K6/8 w - - 0 4","eval":-23.00,"evalType":"cp","judgement":"variation","glyph":"","nodeType":"variation","tags":["variation"],"pv":["b2c2"],"children":[{"ply":7,"san":"Kc2","uci":"b2c2","fen":"8/8/8/8/1k6/p7/2K5/8 b - - 1 4","eval":-23.00,"evalType":"cp","judgement":"variation","glyph":"","nodeType":"variation","tags":["variation"],"children":[]}]}]}]}]}]}]}]},"oppositeColorBishops":false,"critical":[{"ply":2,"reason":"concept shift","deltaWinPct":-0.00,"bestVsSecondGap":100.00,"legalMoves":3,"forced":true,"tags":["dry_position","black_comfortable_position"],"practicality":{"overall":1.00,"robustness":1.00,"horizon":1.00,"naturalness":1.00,"categoryGlobal":"Human-Friendly","category":"Human-Friendly"},"isPressurePoint":false,"branches":[{"move":"a2a3","winPct":50.30,"cp":3,"label":"Best Move","pv":["a2a3","c3c2","a3b4","c2b2","a4a3","b2a2","b4a4","a2b1","a3a2","b1a1"]},{"move":"a2b1","winPct":13.15,"cp":-472,"label":"Alternative","pv":["a2b1","c3b4","b1c2","b4a4","c2b2","a4b4","b2a1"]},{"move":"a2a1","winPct":12.56,"cp":-485,"label":"Line","pv":["a2a1","c3b4","a1b2","b4a4","b2c3","a4b5","c3b3"]}]},{"ply":1,"reason":"concept shift","deltaWinPct":-1.00,"bestVsSecondGap":100.00,"legalMoves":5,"forced":true,"tags":["dry_position","drawish_position","white_comfortable_position"],"practicality":{"overall":1.00,"robustness":1.00,"horizon":1.00,"naturalness":1.00,"categoryGlobal":"Human-Friendly","category":"Human-Friendly"},"isPressurePoint":false,"branches":[{"move":"c2c1","winPct":47.80,"cp":-22,"label":"Best Move","pv":["c2c1","a2a3","c1c2","a3a2","c2c1","a2b3","c1b1"]},{"move":"c2d3","winPct":47.70,"cp":-23,"label":"Alternative","pv":["c2d3","a2a3","d3c2","a3a2","c2c1"]},{"move":"c2c3","winPct":47.70,"cp":-23,"label":"Line","pv":["c2c3","a2a3","c3c2","a3b4","c2b2","a4a3","b2c2"]}]},{"ply":4,"reason":"concept shift","deltaWinPct":-0.50,"bestVsSecondGap":100.00,"legalMoves":2,"forced":true,"tags":["dry_position","black_space_advantage","black_comfortable_position"],"practicality":{"overall":1.00,"robustness":1.00,"horizon":1.00,"naturalness":1.00,"categoryGlobal":"Human-Friendly","category":"Human-Friendly"},"isPressurePoint":false,"branches":[{"move":"a3a2","winPct":50.00,"cp":0,"label":"Best Move","pv":["a3a2","c2c1","a2a1","c1c2","a1a2"]},{"move":"a3b4","winPct":50.00,"cp":0,"label":"Alternative","pv":["a3b4","c2b2","b4a5","b2b1","a5a6"]}]}],"pgn":"[Event \"Endgame Test\"]
 [Site \"Golden Suite\"]
 [Date \"????.??.??\"]
 [Round \"?\"]
 [White \"Winner\"]
 [Black \"Loser\"]
 [Result \"1-0\"]
 [FEN \"8/8/8/8/p7/P7/k1K5/8 w - - 0 1\"]
 
 1. Kc3 Kxa3 2. Kc2 Ka2 3. Kc1 a3 4. Kc2 Ka1 5. Kc1 a2 6. Kc2# 1-0
 ","accuracyWhite":96.75,"accuracyBlack":98.75,"book":{"gameMeta":{"white":"Winner","black":"Loser","result":"1-0"},"sections":[{"title":"Opening Analysis","sectionType":"OpeningReview","narrativeHint":"Key development decisions and opening strategy.","startPly":1,"endPly":11,"diagrams":[{"id":"2","fen":"8/8/8/8/p7/k1K5/8/8 w - - 0 2","roles":["PieceTrade","Squeeze","Violence"],"ply":2,"tags":{"structure":["KingExposedWhite"],"plan":[],"tactic":[],"mistake":[],"endgame":["KingActivityGood"],"transition":[]}},{"id":"11","fen":"8/8/8/8/8/8/p1K5/k7 b - - 1 6","roles":[],"ply":11,"tags":{"structure":["KingExposedWhite"],"plan":[],"tactic":[],"mistake":[],"endgame":["KingActivityGood"],"transition":[]}}]}],"turningPoints":[],"tacticalMoments":[{"ply":2,"side":"black","motifTags":[],"wasMissed":false}],"checklist":[]},"timeline":[{"ply":1,"turn":"white","san":"Kc3","uci":"c2c3","fen":"8/8/8/8/p7/P1K5/k7/8 b - - 1 1","fenBefore":"8/8/8/8/p7/P7/k1K5/8 w - - 0 1","legalMoves":5,"features":{"pawnIslands":1,"isolatedPawns":1,"doubledPawns":0,"passedPawns":0,"rookOpenFiles":7,"rookSemiOpenFiles":0,"bishopPair":false,"kingRingPressure":2,"spaceControl":3},"evalBeforeShallow":{"depth":6,"lines":[{"move":"c2d2","winPct":50.00,"cp":0,"pv":["c2d2","a2b3","d2d3","b3b2","d3d2"]}]},"evalBeforeDeep":{"depth":8,"lines":[{"move":"c2d1","winPct":50.00,"cp":0,"pv":["c2d1","a2b2","d1d2","b2b3","d2d3","b3b2"]}]},"winPctBefore":50.00,"winPctAfterForPlayer":49.00,"deltaWinPct":-1.00,"epBefore":0.50,"epAfter":0.49,"epLoss":0.01,"judgement":"good","phase":"endgame","semanticTags":["dry_position","drawish_position","white_comfortable_position"],"studyTags":["dry_position","drawish_position","white_comfortable_position"],"studyScore":0.11,"practicality":{"overall":1.00,"robustness":1.00,"horizon":1.00,"naturalness":1.00,"categoryGlobal":"Human-Friendly","category":"Human-Friendly"},"playedEvalCp":-10,"concepts":{"dynamic":0.09,"drawish":0.82,"imbalanced":0.04,"tacticalDepth":0.00,"blunderRisk":0.00,"pawnStorm":0.00,"fortress":0.78,"colorComplex":0.37,"badBishop":0.00,"goodKnight":0.00,"rookActivity":0.00,"kingSafety":0.13,"dry":1.00,"comfortable":1.00,"unpleasant":0.00,"engineLike":0.00,"conversionDifficulty":0.00,"sacrificeQuality":0.00,"alphaZeroStyle":0.07},"conceptsBefore":{"dynamic":0.06,"drawish":0.94,"imbalanced":0.08,"tacticalDepth":0.00,"blunderRisk":0.00,"pawnStorm":0.00,"fortress":0.79,"colorComplex":0.30,"badBishop":0.00,"goodKnight":0.00,"rookActivity":0.00,"kingSafety":0.20,"dry":1.00,"comfortable":1.00,"unpleasant":0.00,"engineLike":0.00,"conversionDifficulty":0.00,"sacrificeQuality":0.00,"alphaZeroStyle":0.08},"conceptDelta":{"dynamic":0.03,"drawish":-0.12,"imbalanced":-0.04,"tacticalDepth":0.00,"blunderRisk":0.00,"pawnStorm":0.00,"fortress":-0.01,"colorComplex":0.07,"badBishop":0.00,"goodKnight":0.00,"rookActivity":0.00,"kingSafety":-0.07,"dry":0.00,"comfortable":0.00,"unpleasant":0.00,"engineLike":0.00,"conversionDifficulty":0.00,"sacrificeQuality":0.00,"alphaZeroStyle":-0.01},"hypotheses":[{"move":"a2a3","winPct":51.30,"label":"Threat","pv":["a2a3","c2b1","a3b3","b1a1","b3c3","a1b1","a4a3","b1a2","c3d2"]},{"move":"c2d3","winPct":50.90,"label":"QuietImprovement","pv":["c2d3","a2a3","d3c3","a3a2","c3c2","a2a3","c2c1","a3a2"]}],"conceptLabels":{"structureTags":["KingExposedWhite"],"planTags":[],"tacticTags":[],"mistakeTags":[],"endgameTags":["KingActivityGood"],"positionalTags":["DryPosition","DrawishPosition","ComfortablePosition(White)"],"transitionTags":[],"missedPatternTypes":[],"richTags":[{"id":"struct:exposed_white","score":1.00,"category":"Structure","evidenceRefs":[{"kind":"structure","id":"struct:exposed_white"}]}],"evidence":{"kingSafety":{},"structure":{"struct:exposed_white":{"description":"White King Exposed","squares":["1","2","3"]}},"tactics":{},"placement":{},"plans":{},"pv":{}}}]},{"ply":2,"turn":"black","san":"Kxa3","uci":"a2a3","fen":"8/8/8/8/p7/k1K5/8/8 w - - 0 2","fenBefore":"8/8/8/8/p7/P1K5/k7/8 b - - 1 1","legalMoves":3,"features":{"pawnIslands":1,"isolatedPawns":1,"doubledPawns":0,"passedPawns":1,"rookOpenFiles":7,"rookSemiOpenFiles":0,"bishopPair":false,"kingRingPressure":1,"spaceControl":5},"evalBeforeShallow":{"depth":6,"lines":[{"move":"a2a3","winPct":49.80,"cp":-2,"pv":["a2a3","c3c2","a3b4","c2b2","a4a3","b2c1"]}]},"evalBeforeDeep":{"depth":8,"lines":[{"move":"a2a3","winPct":51.00,"cp":10,"pv":["a2a3","c3c2","a3a2","c2c1"]}]},"winPctBefore":51.00,"winPctAfterForPlayer":51.00,"deltaWinPct":-0.00,"epBefore":0.51,"epAfter":0.51,"epLoss":0.00,"judgement":"good","phase":"endgame","semanticTags":["dry_position","black_comfortable_position"],"studyTags":["dry_position","black_comfortable_position"],"studyScore":0.29,"practicality":{"overall":1.00,"robustness":1.00,"horizon":1.00,"naturalness":1.00,"categoryGlobal":"Human-Friendly","category":"Human-Friendly"},"playedEvalCp":10,"concepts":{"dynamic":0.34,"drawish":0.39,"imbalanced":0.16,"tacticalDepth":0.00,"blunderRisk":0.00,"pawnStorm":0.00,"fortress":0.73,"colorComplex":0.10,"badBishop":0.00,"goodKnight":0.00,"rookActivity":0.00,"kingSafety":0.15,"dry":0.97,"comfortable":1.00,"unpleasant":0.00,"engineLike":0.00,"conversionDifficulty":0.00,"sacrificeQuality":0.00,"alphaZeroStyle":0.09},"conceptsBefore":{"dynamic":0.11,"drawish":0.81,"imbalanced":0.04,"tacticalDepth":0.06,"blunderRisk":0.00,"pawnStorm":0.00,"fortress":0.72,"colorComplex":0.37,"badBishop":0.00,"goodKnight":0.00,"rookActivity":0.00,"kingSafety":0.08,"dry":1.00,"comfortable":1.00,"unpleasant":0.00,"engineLike":0.00,"conversionDifficulty":0.00,"sacrificeQuality":0.08,"alphaZeroStyle":0.09},"conceptDelta":{"dynamic":0.23,"drawish":-0.42,"imbalanced":0.12,"tacticalDepth":-0.06,"blunderRisk":0.00,"pawnStorm":0.00,"fortress":0.01,"colorComplex":-0.27,"badBishop":0.00,"goodKnight":0.00,"rookActivity":0.00,"kingSafety":0.07,"dry":-0.03,"comfortable":0.00,"unpleasant":0.00,"engineLike":0.00,"conversionDifficulty":0.00,"sacrificeQuality":-0.08,"alphaZeroStyle":0.00},"hypotheses":[{"move":"a2a3","winPct":50.00,"label":"SacrificeProbe","pv":["c3c2","a3a2","c2c1","a2b3","c1b1","b3a3"]},{"move":"c3b4","winPct":94.25,"label":"Threat","pv":["c3b4","a2b2","b4a4","b2c3","a4b5","c3d3","a3a4","d3e2","b5c5","e2e1"]},{"move":"a2a3","winPct":50.50,"label":"QuietImprovement","pv":["a2a3","c3c2","a3a2","c2c1","a2b3"]}],"conceptLabels":{"structureTags":["KingExposedWhite"],"planTags":[],"tacticTags":[],"mistakeTags":[],"endgameTags":["KingActivityGood"],"positionalTags":["DryPosition","ComfortablePosition(Black)"],"transitionTags":[],"missedPatternTypes":[],"richTags":[{"id":"struct:exposed_white","score":1.00,"category":"Structure","evidenceRefs":[{"kind":"structure","id":"struct:exposed_white"}]}],"evidence":{"kingSafety":{},"structure":{"struct:exposed_white":{"description":"White King Exposed","squares":["1","2","3"]}},"tactics":{},"placement":{},"plans":{},"pv":{}}}]},{"ply":3,"turn":"white","san":"Kc2","uci":"c3c2","fen":"8/8/8/8/p7/k7/2K5/8 b - - 1 2","fenBefore":"8/8/8/8/p7/k1K5/8/8 w - - 0 2","legalMoves":5,"features":{"pawnIslands":0,"isolatedPawns":0,"doubledPawns":0,"passedPawns":0,"rookOpenFiles":7,"rookSemiOpenFiles":1,"bishopPair":false,"kingRingPressure":2,"spaceControl":0},"evalBeforeShallow":{"depth":6,"lines":[{"move":"c3c2","winPct":48.90,"cp":-11,"pv":["c3c2","a3a2","c2c1","a2b3","c1b1"]}]},"evalBeforeDeep":{"depth":8,"lines":[{"move":"c3c2","winPct":49.00,"cp":-10,"pv":["c3c2","a3a2","c2c1","a2b3","c1b1","b3c3","b1a2","c3d2"]}]},"winPctBefore":49.00,"winPctAfterForPlayer":48.10,"deltaWinPct":-0.90,"epBefore":0.49,"epAfter":0.48,"epLoss":0.01,"judgement":"good","phase":"endgame","semanticTags":["white_fortress_defense","dry_position","white_comfortable_position"],"studyTags":["white_fortress_defense","dry_position","white_comfortable_position"],"studyScore":0.11,"practicality":{"overall":1.00,"robustness":1.00,"horizon":1.00,"naturalness":1.00,"categoryGlobal":"Human-Friendly","category":"Human-Friendly"},"playedEvalCp":-19,"concepts":{"dynamic":0.05,"drawish":0.50,"imbalanced":0.22,"tacticalDepth":0.00,"blunderRisk":0.00,"pawnStorm":0.00,"fortress":0.79,"colorComplex":0.37,"badBishop":0.00,"goodKnight":0.00,"rookActivity":0.00,"kingSafety":0.13,"dry":1.00,"comfortable":1.00,"unpleasant":0.00,"engineLike":0.00,"conversionDifficulty":0.00,"sacrificeQuality":0.00,"alphaZeroStyle":0.09},"conceptsBefore":{"dynamic":0.09,"drawish":0.53,"imbalanced":0.16,"tacticalDepth":0.00,"blunderRisk":0.00,"pawnStorm":0.00,"fortress":0.78,"colorComplex":0.10,"badBishop":0.00,"goodKnight":0.00,"rookActivity":0.00,"kingSafety":0.20,"dry":1.00,"comfortable":1.00,"unpleasant":0.00,"engineLike":0.00,"conversionDifficulty":0.00,"sacrificeQuality":0.01,"alphaZeroStyle":0.07},"conceptDelta":{"dynamic":-0.04,"drawish":-0.03,"imbalanced":0.06,"tacticalDepth":-0.00,"blunderRisk":0.00,"pawnStorm":0.00,"fortress":0.01,"colorComplex":0.27,"badBishop":0.00,"goodKnight":0.00,"rookActivity":0.00,"kingSafety":-0.07,"dry":0.00,"comfortable":0.00,"unpleasant":0.00,"engineLike":0.00,"conversionDifficulty":0.00,"sacrificeQuality":-0.01,"alphaZeroStyle":0.02},"hypotheses":[{"move":"a3a2","winPct":50.10,"label":"Threat","pv":["a3a2","c3c2","a4a3","c2c1","a2b3","c1b1","a3a2","b1a1","b3b4"]},{"move":"c3c2","winPct":49.10,"label":"QuietImprovement","pv":["c3c2","a3a2","c2c1","a2b3","c1b1","b3b4","b1b2"]}],"conceptLabels":{"structureTags":["KingExposedWhite"],"planTags":[],"tacticTags":[],"mistakeTags":[],"endgameTags":[],"positionalTags":["FortressDefense(White)","DryPosition","ComfortablePosition(White)"],"transitionTags":[],"missedPatternTypes":[],"richTags":[{"id":"struct:exposed_white","score":1.00,"category":"Structure","evidenceRefs":[{"kind":"structure","id":"struct:exposed_white"}]}],"evidence":{"kingSafety":{},"structure":{"struct:exposed_white":{"description":"White King Exposed","squares":["1","2","3"]}},"tactics":{},"placement":{},"plans":{},"pv":{}}}]},{"ply":4,"turn":"black","san":"Ka2","uci":"a3a2","fen":"8/8/8/8/p7/8/k1K5/8 w - - 2 3","fenBefore":"8/8/8/8/p7/k7/2K5/8 b - - 1 2","legalMoves":2,"features":{"pawnIslands":1,"isolatedPawns":1,"doubledPawns":0,"passedPawns":1,"rookOpenFiles":7,"rookSemiOpenFiles":0,"bishopPair":false,"kingRingPressure":1,"spaceControl":5},"evalBeforeShallow":{"depth":6,"lines":[{"move":"a3b4","winPct":51.40,"cp":14,"pv":["a3b4","c2b2","a4a3","b2b1","b4c4","b1a2"]}]},"evalBeforeDeep":{"depth":8,"lines":[{"move":"a3b4","winPct":51.90,"cp":19,"pv":["a3b4","c2b1","b4b3"]}]},"winPctBefore":51.90,"winPctAfterForPlayer":51.40,"deltaWinPct":-0.50,"epBefore":0.52,"epAfter":0.51,"epLoss":0.00,"judgement":"good","phase":"endgame","semanticTags":["dry_position","black_space_advantage","black_comfortable_position"],"studyTags":["dry_position","black_space_advantage","black_comfortable_position"],"studyScore":0.10,"practicality":{"overall":1.00,"robustness":1.00,"horizon":1.00,"naturalness":1.00,"categoryGlobal":"Human-Friendly","category":"Human-Friendly"},"playedEvalCp":14,"concepts":{"dynamic":0.09,"drawish":0.51,"imbalanced":0.22,"tacticalDepth":0.00,"blunderRisk":0.00,"pawnStorm":0.00,"fortress":0.78,"colorComplex":0.10,"badBishop":0.00,"goodKnight":0.00,"rookActivity":0.00,"kingSafety":0.15,"dry":1.00,"comfortable":1.00,"unpleasant":0.00,"engineLike":0.00,"conversionDifficulty":0.00,"sacrificeQuality":0.00,"alphaZeroStyle":0.07},"conceptsBefore":{"dynamic":0.09,"drawish":0.48,"imbalanced":0.22,"tacticalDepth":0.02,"blunderRisk":0.00,"pawnStorm":0.00,"fortress":0.76,"colorComplex":0.37,"badBishop":0.00,"goodKnight":0.00,"rookActivity":0.00,"kingSafety":0.08,"dry":1.00,"comfortable":1.00,"unpleasant":0.00,"engineLike":0.00,"conversionDifficulty":0.00,"sacrificeQuality":0.03,"alphaZeroStyle":0.10},"conceptDelta":{"dynamic":-0.01,"drawish":0.03,"imbalanced":0.00,"tacticalDepth":-0.02,"blunderRisk":0.00,"pawnStorm":0.00,"fortress":0.03,"colorComplex":-0.27,"badBishop":0.00,"goodKnight":0.00,"rookActivity":0.00,"kingSafety":0.07,"dry":0.00,"comfortable":0.00,"unpleasant":0.00,"engineLike":0.00,"conversionDifficulty":0.00,"sacrificeQuality":-0.03,"alphaZeroStyle":-0.03},"hypotheses":[{"move":"c2c1","winPct":47.40,"label":"Threat","pv":["c2c1","a3a2","c1c2","a4a3","c2c1","a2b3","c1b1","a3a2","b1a1","b3c2","a1a2","c2d2","a2a3"]},{"move":"a3a2","winPct":50.10,"label":"QuietImprovement","pv":["a3a2","c2c1","a2b3","c1b1","b3c3","b1a2","c3d4","a2a3","d4e3","a3b2","e3d3"]}],"conceptLabels":{"structureTags":["KingExposedWhite"],"planTags":[],"tacticTags":[],"mistakeTags":[],"endgameTags":[],"positionalTags":["DryPosition","SpaceAdvantage(Black)","ComfortablePosition(Black)"],"transitionTags":[],"missedPatternTypes":[],"richTags":[{"id":"struct:exposed_white","score":1.00,"category":"Structure","evidenceRefs":[{"kind":"structure","id":"struct:exposed_white"}]}],"evidence":{"kingSafety":{},"structure":{"struct:exposed_white":{"description":"White King Exposed","squares":["1","2","3"]}},"tactics":{},"placement":{},"plans":{},"pv":{}}}]},{"ply":5,"turn":"white","san":"Kc1","uci":"c2c1","fen":"8/8/8/8/p7/8/k7/2K5 b - - 3 3","fenBefore":"8/8/8/8/p7/8/k1K5/8 w - - 2 3","legalMoves":5,"features":{"pawnIslands":0,"isolatedPawns":0,"doubledPawns":0,"passedPawns":0,"rookOpenFiles":7,"rookSemiOpenFiles":1,"bishopPair":false,"kingRingPressure":1,"spaceControl":0},"evalBeforeShallow":{"depth":6,"lines":[{"move":"c2c1","winPct":48.50,"cp":-15,"pv":["c2c1","a2b3","c1b1","b3b4","b1a2","a4a3"]}]},"evalBeforeDeep":{"depth":8,"lines":[{"move":"c2c1","winPct":48.60,"cp":-14,"pv":["c2c1","a2a3","c1c2","a3b4","c2b2","a4a3","b2b1"]}]},"winPctBefore":48.60,"winPctAfterForPlayer":49.90,"deltaWinPct":1.30,"epBefore":0.49,"epAfter":0.50,"epLoss":0.00,"judgement":"best","phase":"endgame","semanticTags":["white_fortress_defense","dry_position","white_comfortable_position"],"studyTags":["white_fortress_defense","dry_position","white_comfortable_position"],"studyScore":0.19,"practicality":{"overall":1.00,"robustness":1.00,"horizon":1.00,"naturalness":1.00,"categoryGlobal":"Human-Friendly","category":"Human-Friendly"},"playedEvalCp":-1,"concepts":{"dynamic":0.03,"drawish":0.63,"imbalanced":0.22,"tacticalDepth":0.00,"blunderRisk":0.00,"pawnStorm":0.00,"fortress":0.75,"colorComplex":0.37,"badBishop":0.00,"goodKnight":0.00,"rookActivity":0.00,"kingSafety":0.08,"dry":1.00,"comfortable":1.00,"unpleasant":0.00,"engineLike":0.00,"conversionDifficulty":0.00,"sacrificeQuality":0.00,"alphaZeroStyle":0.08},"conceptsBefore":{"dynamic":0.05,"drawish":0.53,"imbalanced":0.22,"tacticalDepth":0.00,"blunderRisk":0.00,"pawnStorm":0.00,"fortress":0.74,"colorComplex":0.10,"badBishop":0.00,"goodKnight":0.00,"rookActivity":0.00,"kingSafety":0.20,"dry":1.00,"comfortable":1.00,"unpleasant":0.00,"engineLike":0.00,"conversionDifficulty":0.00,"sacrificeQuality":0.01,"alphaZeroStyle":0.08},"conceptDelta":{"dynamic":-0.03,"drawish":0.10,"imbalanced":0.00,"tacticalDepth":-0.00,"blunderRisk":0.00,"pawnStorm":0.00,"fortress":0.01,"colorComplex":0.27,"badBishop":0.00,"goodKnight":0.00,"rookActivity":0.00,"kingSafety":-0.12,"dry":0.00,"comfortable":0.00,"unpleasant":0.00,"engineLike":0.00,"conversionDifficulty":0.00,"sacrificeQuality":-0.01,"alphaZeroStyle":0.00},"hypotheses":[{"move":"a4a3","winPct":50.10,"label":"Threat","pv":["a4a3","c2c1","a2b3","c1b1","a3a2","b1a1","b3c3","a1a2","c3d4","a2a3","d4e4"]},{"move":"c2c1","winPct":49.90,"label":"QuietImprovement","pv":["c2c1","a2b3","c1b1","b3c3","b1a2","c3c2"]}],"conceptLabels":{"structureTags":["KingExposedWhite"],"planTags":[],"tacticTags":[],"mistakeTags":[],"endgameTags":[],"positionalTags":["FortressDefense(White)","DryPosition","ComfortablePosition(White)"],"transitionTags":[],"missedPatternTypes":[],"richTags":[{"id":"struct:exposed_white","score":1.00,"category":"Structure","evidenceRefs":[{"kind":"structure","id":"struct:exposed_white"}]}],"evidence":{"kingSafety":{},"structure":{"struct:exposed_white":{"description":"White King Exposed","squares":["1","2","3"]}},"tactics":{},"placement":{},"plans":{},"pv":{}}}]},{"ply":6,"turn":"black","san":"a3","uci":"a4a3","fen":"8/8/8/8/8/p7/k7/2K5 w - - 0 4","fenBefore":"8/8/8/8/p7/8/k7/2K5 b - - 3 3","legalMoves":4,"features":{"pawnIslands":1,"isolatedPawns":1,"doubledPawns":0,"passedPawns":1,"rookOpenFiles":7,"rookSemiOpenFiles":0,"bishopPair":false,"kingRingPressure":1,"spaceControl":5},"evalBeforeShallow":{"depth":6,"lines":[{"move":"a2a3","winPct":50.20,"cp":2,"pv":["a2a3","c1c2","a3a2"]}]},"evalBeforeDeep":{"depth":8,"lines":[{"move":"a2b3","winPct":50.10,"cp":1,"pv":["a2b3","c1b1","a4a3","b1a1","b3c3"]}]},"winPctBefore":50.10,"winPctAfterForPlayer":50.00,"deltaWinPct":-0.10,"epBefore":0.50,"epAfter":0.50,"epLoss":0.00,"judgement":"good","phase":"endgame","semanticTags":["dry_position","black_space_advantage","black_comfortable_position"],"studyTags":["dry_position","black_space_advantage","black_comfortable_position"],"studyScore":0.09,"practicality":{"overall":1.00,"robustness":1.00,"horizon":1.00,"naturalness":1.00,"categoryGlobal":"Human-Friendly","category":"Human-Friendly"},"playedEvalCp":0,"concepts":{"dynamic":0.09,"drawish":0.59,"imbalanced":0.22,"tacticalDepth":0.00,"blunderRisk":0.00,"pawnStorm":0.00,"fortress":0.78,"colorComplex":0.27,"badBishop":0.00,"goodKnight":0.00,"rookActivity":0.00,"kingSafety":0.15,"dry":1.00,"comfortable":1.00,"unpleasant":0.00,"engineLike":0.00,"conversionDifficulty":0.00,"sacrificeQuality":0.00,"alphaZeroStyle":0.09},"conceptsBefore":{"dynamic":0.09,"drawish":0.59,"imbalanced":0.22,"tacticalDepth":0.00,"blunderRisk":0.00,"pawnStorm":0.00,"fortress":0.78,"colorComplex":0.37,"badBishop":0.00,"goodKnight":0.00,"rookActivity":0.00,"kingSafety":0.08,"dry":1.00,"comfortable":1.00,"unpleasant":0.00,"engineLike":0.00,"conversionDifficulty":0.00,"sacrificeQuality":0.00,"alphaZeroStyle":0.09},"conceptDelta":{"dynamic":-0.00,"drawish":0.01,"imbalanced":0.00,"tacticalDepth":-0.00,"blunderRisk":0.00,"pawnStorm":0.00,"fortress":0.01,"colorComplex":-0.10,"badBishop":0.00,"goodKnight":0.00,"rookActivity":0.00,"kingSafety":0.07,"dry":0.00,"comfortable":0.00,"unpleasant":0.00,"engineLike":0.00,"conversionDifficulty":0.00,"sacrificeQuality":0.00,"alphaZeroStyle":-0.00},"hypotheses":[{"move":"c1c2","winPct":49.80,"label":"Threat","pv":["c1c2","a4a3","c2c1","a2b3","c1b1","b3c4","b1a2","c4d3","a2a3","d3e2","a3b3","e2d1","b3b2","d1d2"]},{"move":"a2a3","winPct":50.00,"label":"QuietImprovement","pv":["a2a3","c1c2","a3a2","c2c1","a2a3"]}],"conceptLabels":{"structureTags":["KingExposedWhite"],"planTags":[],"tacticTags":[],"mistakeTags":[],"endgameTags":[],"positionalTags":["DryPosition","SpaceAdvantage(Black)","ComfortablePosition(Black)"],"transitionTags":[],"missedPatternTypes":[],"richTags":[{"id":"struct:exposed_white","score":1.00,"category":"Structure","evidenceRefs":[{"kind":"structure","id":"struct:exposed_white"}]}],"evidence":{"kingSafety":{},"structure":{"struct:exposed_white":{"description":"White King Exposed","squares":["1","2","3"]}},"tactics":{},"placement":{},"plans":{},"pv":{}}}]},{"ply":7,"turn":"white","san":"Kc2","uci":"c1c2","fen":"8/8/8/8/8/p7/k1K5/8 b - - 1 4","fenBefore":"8/8/8/8/8/p7/k7/2K5 w - - 0 4","legalMoves":3,"features":{"pawnIslands":0,"isolatedPawns":0,"doubledPawns":0,"passedPawns":0,"rookOpenFiles":7,"rookSemiOpenFiles":1,"bishopPair":false,"kingRingPressure":2,"spaceControl":0},"evalBeforeShallow":{"depth":6,"lines":[{"move":"c1c2","winPct":50.00,"cp":0,"pv":["c1c2","a2a1","c2c1","a3a2","c1c2"]}]},"evalBeforeDeep":{"depth":8,"lines":[{"move":"c1c2","winPct":50.00,"cp":0,"pv":["c1c2","a2a1","c2b3","a3a2","b3c2"]}]},"winPctBefore":50.00,"winPctAfterForPlayer":50.00,"deltaWinPct":0.00,"epBefore":0.50,"epAfter":0.50,"epLoss":0.00,"judgement":"best","phase":"endgame","semanticTags":["white_fortress_defense","dry_position","white_comfortable_position"],"studyTags":["white_fortress_defense","dry_position","white_comfortable_position"],"studyScore":0.08,"practicality":{"overall":1.00,"robustness":1.00,"horizon":1.00,"naturalness":1.00,"categoryGlobal":"Human-Friendly","category":"Human-Friendly"},"playedEvalCp":0,"concepts":{"dynamic":0.05,"drawish":0.62,"imbalanced":0.22,"tacticalDepth":0.00,"blunderRisk":0.00,"pawnStorm":0.00,"fortress":0.79,"colorComplex":0.37,"badBishop":0.00,"goodKnight":0.00,"rookActivity":0.00,"kingSafety":0.13,"dry":1.00,"comfortable":1.00,"unpleasant":0.00,"engineLike":0.00,"conversionDifficulty":0.00,"sacrificeQuality":0.00,"alphaZeroStyle":0.09},"conceptsBefore":{"dynamic":0.05,"drawish":0.62,"imbalanced":0.22,"tacticalDepth":0.00,"blunderRisk":0.00,"pawnStorm":0.00,"fortress":0.79,"colorComplex":0.27,"badBishop":0.00,"goodKnight":0.00,"rookActivity":0.00,"kingSafety":0.20,"dry":1.00,"comfortable":1.00,"unpleasant":0.00,"engineLike":0.00,"conversionDifficulty":0.00,"sacrificeQuality":0.00,"alphaZeroStyle":0.09},"conceptDelta":{"dynamic":0.00,"drawish":0.00,"imbalanced":0.00,"tacticalDepth":0.00,"blunderRisk":0.00,"pawnStorm":0.00,"fortress":0.00,"colorComplex":0.10,"badBishop":0.00,"goodKnight":0.00,"rookActivity":0.00,"kingSafety":-0.07,"dry":0.00,"comfortable":0.00,"unpleasant":0.00,"engineLike":0.00,"conversionDifficulty":0.00,"sacrificeQuality":0.00,"alphaZeroStyle":0.00},"hypotheses":[{"move":"a2b3","winPct":50.00,"label":"Threat","pv":["a2b3","c1b1","b3c4","b1a1","c4d4","a1a2","d4d3","a2b3","a3a2","b3a2","d3e3"]},{"move":"c1c2","winPct":50.00,"label":"QuietImprovement","pv":["c1c2","a2a1","c2c1","a3a2","c1c2"]}],"conceptLabels":{"structureTags":["KingExposedWhite"],"planTags":[],"tacticTags":[],"mistakeTags":[],"endgameTags":["KingActivityGood"],"positionalTags":["FortressDefense(White)","DryPosition","ComfortablePosition(White)"],"transitionTags":[],"missedPatternTypes":[],"richTags":[{"id":"struct:exposed_white","score":1.00,"category":"Structure","evidenceRefs":[{"kind":"structure","id":"struct:exposed_white"}]}],"evidence":{"kingSafety":{},"structure":{"struct:exposed_white":{"description":"White King Exposed","squares":["1","2","3"]}},"tactics":{},"placement":{},"plans":{},"pv":{}}}]},{"ply":8,"turn":"black","san":"Ka1","uci":"a2a1","fen":"8/8/8/8/8/p7/2K5/k7 w - - 2 5","fenBefore":"8/8/8/8/8/p7/k1K5/8 b - - 1 4","legalMoves":1,"features":{"pawnIslands":1,"isolatedPawns":1,"doubledPawns":0,"passedPawns":1,"rookOpenFiles":7,"rookSemiOpenFiles":0,"bishopPair":false,"kingRingPressure":1,"spaceControl":3},"evalBeforeShallow":{"depth":6,"lines":[{"move":"a2a1","winPct":50.00,"cp":0,"pv":["a2a1","c2c1","a3a2","c1c2"]}]},"evalBeforeDeep":{"depth":8,"lines":[{"move":"a2a1","winPct":50.00,"cp":0,"pv":["a2a1","c2b3","a3a2","b3c2"]}]},"winPctBefore":50.00,"winPctAfterForPlayer":50.00,"deltaWinPct":0.00,"epBefore":0.50,"epAfter":0.50,"epLoss":0.00,"judgement":"best","phase":"endgame","semanticTags":["dry_position","black_space_advantage","black_comfortable_position"],"studyTags":["dry_position","black_space_advantage","black_comfortable_position"],"studyScore":0.08,"practicality":{"overall":1.00,"robustness":1.00,"horizon":1.00,"naturalness":1.00,"categoryGlobal":"Human-Friendly","category":"Human-Friendly"},"playedEvalCp":0,"concepts":{"dynamic":0.06,"drawish":0.61,"imbalanced":0.18,"tacticalDepth":0.00,"blunderRisk":0.00,"pawnStorm":0.00,"fortress":0.79,"colorComplex":0.10,"badBishop":0.00,"goodKnight":0.00,"rookActivity":0.00,"kingSafety":0.15,"dry":1.00,"comfortable":1.00,"unpleasant":0.00,"engineLike":0.00,"conversionDifficulty":0.00,"sacrificeQuality":0.00,"alphaZeroStyle":0.07},"conceptsBefore":{"dynamic":0.09,"drawish":0.59,"imbalanced":0.22,"tacticalDepth":0.00,"blunderRisk":0.00,"pawnStorm":0.00,"fortress":0.78,"colorComplex":0.37,"badBishop":0.00,"goodKnight":0.00,"rookActivity":0.00,"kingSafety":0.08,"dry":1.00,"comfortable":1.00,"unpleasant":0.00,"engineLike":0.00,"conversionDifficulty":0.00,"sacrificeQuality":0.00,"alphaZeroStyle":0.09},"conceptDelta":{"dynamic":-0.02,"drawish":0.02,"imbalanced":-0.04,"tacticalDepth":0.00,"blunderRisk":0.00,"pawnStorm":0.00,"fortress":0.01,"colorComplex":-0.27,"badBishop":0.00,"goodKnight":0.00,"rookActivity":0.00,"kingSafety":0.07,"dry":0.00,"comfortable":0.00,"unpleasant":0.00,"engineLike":0.00,"conversionDifficulty":0.00,"sacrificeQuality":0.00,"alphaZeroStyle":-0.02},"hypotheses":[{"move":"c2c1","winPct":49.90,"label":"Threat","pv":["c2c1","a2b3","c1b1","a3a2","b1a1","b3c3","a1a2","c3d2","a2a3","d2d3","a3b4","d3c2","b4a3","c2d2","a3a4","d2e1"]},{"move":"a2a1","winPct":50.00,"label":"QuietImprovement","pv":["a2a1","c2b3","a3a2","b3c2"]}],"conceptLabels":{"structureTags":["KingExposedWhite"],"planTags":[],"tacticTags":[],"mistakeTags":[],"endgameTags":[],"positionalTags":["DryPosition","SpaceAdvantage(Black)","ComfortablePosition(Black)"],"transitionTags":[],"missedPatternTypes":[],"richTags":[{"id":"struct:exposed_white","score":1.00,"category":"Structure","evidenceRefs":[{"kind":"structure","id":"struct:exposed_white"}]}],"evidence":{"kingSafety":{},"structure":{"struct:exposed_white":{"description":"White King Exposed","squares":["1","2","3"]}},"tactics":{},"placement":{},"plans":{},"pv":{}}}]},{"ply":9,"turn":"white","san":"Kc1","uci":"c2c1","fen":"8/8/8/8/8/p7/8/k1K5 b - - 3 5","fenBefore":"8/8/8/8/8/p7/2K5/k7 w - - 2 5","legalMoves":6,"features":{"pawnIslands":0,"isolatedPawns":0,"doubledPawns":0,"passedPawns":0,"rookOpenFiles":7,"rookSemiOpenFiles":1,"bishopPair":false,"kingRingPressure":2,"spaceControl":0},"evalBeforeShallow":{"depth":6,"lines":[{"move":"c2c1","winPct":50.00,"cp":0,"pv":["c2c1","a3a2","c1c2"]}]},"evalBeforeDeep":{"depth":8,"lines":[{"move":"c2c1","winPct":50.00,"cp":0,"pv":["c2c1","a3a2","c1c2"]}]},"winPctBefore":50.00,"winPctAfterForPlayer":50.00,"deltaWinPct":0.00,"epBefore":0.50,"epAfter":0.50,"epLoss":0.00,"judgement":"best","phase":"endgame","semanticTags":["white_fortress_defense","dry_position","white_comfortable_position"],"studyTags":["white_fortress_defense","dry_position","white_comfortable_position"],"studyScore":0.08,"practicality":{"overall":1.00,"robustness":1.00,"horizon":1.00,"naturalness":1.00,"categoryGlobal":"Human-Friendly","category":"Human-Friendly"},"playedEvalCp":0,"concepts":{"dynamic":0.05,"drawish":0.62,"imbalanced":0.18,"tacticalDepth":0.00,"blunderRisk":0.00,"pawnStorm":0.00,"fortress":0.75,"colorComplex":0.45,"badBishop":0.00,"goodKnight":0.00,"rookActivity":0.00,"kingSafety":0.13,"dry":1.00,"comfortable":1.00,"unpleasant":0.00,"engineLike":0.00,"conversionDifficulty":0.00,"sacrificeQuality":0.00,"alphaZeroStyle":0.10},"conceptsBefore":{"dynamic":0.05,"drawish":0.62,"imbalanced":0.18,"tacticalDepth":0.00,"blunderRisk":0.00,"pawnStorm":0.00,"fortress":0.75,"colorComplex":0.10,"badBishop":0.00,"goodKnight":0.00,"rookActivity":0.00,"kingSafety":0.20,"dry":1.00,"comfortable":1.00,"unpleasant":0.00,"engineLike":0.00,"conversionDifficulty":0.00,"sacrificeQuality":0.00,"alphaZeroStyle":0.07},"conceptDelta":{"dynamic":0.00,"drawish":0.00,"imbalanced":0.00,"tacticalDepth":0.00,"blunderRisk":0.00,"pawnStorm":0.00,"fortress":0.00,"colorComplex":0.35,"badBishop":0.00,"goodKnight":0.00,"rookActivity":0.00,"kingSafety":-0.07,"dry":0.00,"comfortable":0.00,"unpleasant":0.00,"engineLike":0.00,"conversionDifficulty":0.00,"sacrificeQuality":0.00,"alphaZeroStyle":0.03},"hypotheses":[{"move":"a1a2","winPct":50.80,"label":"Threat","pv":["a1a2","c2c1","a2b3","c1b1","a3a2","b1a1","b3c3","a1a2","c3d3","a2a3","d3c2","a3a2","c2d1","a2a3","d1d2","a3b3"]},{"move":"c2c1","winPct":50.00,"label":"QuietImprovement","pv":["c2c1","a3a2","c1c2"]}],"conceptLabels":{"structureTags":["KingExposedWhite"],"planTags":[],"tacticTags":[],"mistakeTags":[],"endgameTags":[],"positionalTags":["FortressDefense(White)","DryPosition","ComfortablePosition(White)"],"transitionTags":[],"missedPatternTypes":[],"richTags":[{"id":"struct:exposed_white","score":1.00,"category":"Structure","evidenceRefs":[{"kind":"structure","id":"struct:exposed_white"}]}],"evidence":{"kingSafety":{},"structure":{"struct:exposed_white":{"description":"White King Exposed","squares":["1","2","3"]}},"tactics":{},"placement":{},"plans":{},"pv":{}}}]},{"ply":10,"turn":"black","san":"a2","uci":"a3a2","fen":"8/8/8/8/8/8/p7/k1K5 w - - 0 6","fenBefore":"8/8/8/8/8/p7/8/k1K5 b - - 3 5","legalMoves":2,"features":{"pawnIslands":1,"isolatedPawns":1,"doubledPawns":0,"passedPawns":1,"rookOpenFiles":7,"rookSemiOpenFiles":0,"bishopPair":false,"kingRingPressure":1,"spaceControl":3},"evalBeforeShallow":{"depth":6,"lines":[{"move":"a1a2","winPct":50.00,"cp":0,"pv":["a1a2","c1c2","a2a1","c2c1"]}]},"evalBeforeDeep":{"depth":8,"lines":[{"move":"a3a2","winPct":50.00,"cp":0,"pv":["a3a2","c1c2"]}]},"winPctBefore":50.00,"winPctAfterForPlayer":50.00,"deltaWinPct":0.00,"epBefore":0.50,"epAfter":0.50,"epLoss":0.00,"judgement":"best","phase":"endgame","semanticTags":["dry_position","black_space_advantage","black_comfortable_position"],"studyTags":["dry_position","black_space_advantage","black_comfortable_position"],"studyScore":0.08,"practicality":{"overall":1.00,"robustness":1.00,"horizon":1.00,"naturalness":1.00,"categoryGlobal":"Human-Friendly","category":"Human-Friendly"},"playedEvalCp":0,"concepts":{"dynamic":0.06,"drawish":0.61,"imbalanced":0.18,"tacticalDepth":0.00,"blunderRisk":0.00,"pawnStorm":0.00,"fortress":0.79,"colorComplex":0.27,"badBishop":0.00,"goodKnight":0.00,"rookActivity":0.00,"kingSafety":0.15,"dry":1.00,"comfortable":1.00,"unpleasant":0.00,"engineLike":0.00,"conversionDifficulty":0.00,"sacrificeQuality":0.00,"alphaZeroStyle":0.08},"conceptsBefore":{"dynamic":0.06,"drawish":0.61,"imbalanced":0.18,"tacticalDepth":0.00,"blunderRisk":0.00,"pawnStorm":0.00,"fortress":0.79,"colorComplex":0.45,"badBishop":0.00,"goodKnight":0.00,"rookActivity":0.00,"kingSafety":0.08,"dry":1.00,"comfortable":1.00,"unpleasant":0.00,"engineLike":0.00,"conversionDifficulty":0.00,"sacrificeQuality":0.00,"alphaZeroStyle":0.09},"conceptDelta":{"dynamic":0.00,"drawish":0.00,"imbalanced":0.00,"tacticalDepth":0.00,"blunderRisk":0.00,"pawnStorm":0.00,"fortress":0.00,"colorComplex":-0.18,"badBishop":0.00,"goodKnight":0.00,"rookActivity":0.00,"kingSafety":0.07,"dry":0.00,"comfortable":0.00,"unpleasant":0.00,"engineLike":0.00,"conversionDifficulty":0.00,"sacrificeQuality":0.00,"alphaZeroStyle":-0.01},"hypotheses":[{"move":"c1c2","winPct":12.30,"label":"Threat","pv":["c1c2","a1a2","c2c3","a2b1","c3b3","a3a2","b3a3","a2a1q","a3b4","b1a2","b4b5","a2b3","b5b6","a1c1"]},{"move":"a3a2","winPct":50.00,"label":"QuietImprovement","pv":["a3a2","c1c2"]}],"conceptLabels":{"structureTags":["KingExposedWhite"],"planTags":[],"tacticTags":[],"mistakeTags":[],"endgameTags":[],"positionalTags":["DryPosition","SpaceAdvantage(Black)","ComfortablePosition(Black)"],"transitionTags":[],"missedPatternTypes":[],"richTags":[{"id":"struct:exposed_white","score":1.00,"category":"Structure","evidenceRefs":[{"kind":"structure","id":"struct:exposed_white"}]}],"evidence":{"kingSafety":{},"structure":{"struct:exposed_white":{"description":"White King Exposed","squares":["1","2","3"]}},"tactics":{},"placement":{},"plans":{},"pv":{}}}]},{"ply":11,"turn":"white","san":"Kc2","uci":"c1c2","fen":"8/8/8/8/8/8/p1K5/k7 b - - 1 6","fenBefore":"8/8/8/8/8/8/p7/k1K5 w - - 0 6","legalMoves":3,"features":{"pawnIslands":0,"isolatedPawns":0,"doubledPawns":0,"passedPawns":0,"rookOpenFiles":7,"rookSemiOpenFiles":1,"bishopPair":false,"kingRingPressure":2,"spaceControl":0},"evalBeforeShallow":{"depth":6,"lines":[{"move":"c1c2","winPct":50.00,"cp":0,"pv":["c1c2"]}]},"evalBeforeDeep":{"depth":8,"lines":[{"move":"c1c2","winPct":50.00,"cp":0,"pv":["c1c2"]}]},"winPctBefore":50.00,"winPctAfterForPlayer":50.00,"deltaWinPct":0.00,"epBefore":0.50,"epAfter":0.50,"epLoss":0.00,"judgement":"draw","phase":"endgame","semanticTags":["white_fortress_defense","dry_position","white_comfortable_position"],"studyTags":["white_fortress_defense","dry_position","white_comfortable_position"],"studyScore":0.08,"practicality":{"overall":1.00,"robustness":1.00,"horizon":1.00,"naturalness":1.00,"categoryGlobal":"Human-Friendly","category":"Human-Friendly"},"playedEvalCp":0,"concepts":{"dynamic":0.05,"drawish":0.62,"imbalanced":0.18,"tacticalDepth":0.00,"blunderRisk":0.00,"pawnStorm":0.00,"fortress":0.79,"colorComplex":0.45,"badBishop":0.00,"goodKnight":0.00,"rookActivity":0.00,"kingSafety":0.13,"dry":1.00,"comfortable":1.00,"unpleasant":0.00,"engineLike":0.00,"conversionDifficulty":0.00,"sacrificeQuality":0.00,"alphaZeroStyle":0.10},"conceptsBefore":{"dynamic":0.05,"drawish":0.62,"imbalanced":0.18,"tacticalDepth":0.00,"blunderRisk":0.00,"pawnStorm":0.00,"fortress":0.79,"colorComplex":0.27,"badBishop":0.00,"goodKnight":0.00,"rookActivity":0.00,"kingSafety":0.20,"dry":1.00,"comfortable":1.00,"unpleasant":0.00,"engineLike":0.00,"conversionDifficulty":0.00,"sacrificeQuality":0.00,"alphaZeroStyle":0.09},"conceptDelta":{"dynamic":0.00,"drawish":0.00,"imbalanced":0.00,"tacticalDepth":0.00,"blunderRisk":0.00,"pawnStorm":0.00,"fortress":0.00,"colorComplex":0.18,"badBishop":0.00,"goodKnight":0.00,"rookActivity":0.00,"kingSafety":-0.07,"dry":0.00,"comfortable":0.00,"unpleasant":0.00,"engineLike":0.00,"conversionDifficulty":0.00,"sacrificeQuality":0.00,"alphaZeroStyle":0.01},"hypotheses":[{"move":"c1c2","winPct":50.00,"label":"QuietImprovement","pv":["c1c2"]}],"conceptLabels":{"structureTags":["KingExposedWhite"],"planTags":[],"tacticTags":[],"mistakeTags":[],"endgameTags":["KingActivityGood"],"positionalTags":["FortressDefense(White)","DryPosition","ComfortablePosition(White)"],"transitionTags":[],"missedPatternTypes":[],"richTags":[{"id":"struct:exposed_white","score":1.00,"category":"Structure","evidenceRefs":[{"kind":"structure","id":"struct:exposed_white"}]}],"evidence":{"kingSafety":{},"structure":{"struct:exposed_white":{"description":"White King Exposed","squares":["1","2","3"]}},"tactics":{},"placement":{},"plans":{},"pv":{}}}]}]}[0m
[90m    at [0m[90mmunit.Assertions.fail[0m[90m([0m[90mAssertions.scala[0m:[90m256[0m[90m)[0m
[90m    at [0m[90mmunit.Assertions.fail$[0m[90m([0m[90mAssertions.scala[0m:[90m16[0m[90m)[0m
[90m    at [0m[90mmunit.FunSuite.fail[0m[90m([0m[90mFunSuite.scala[0m:[90m11[0m[90m)[0m
[1m    at [0m[1mchess.analysis.GoldenAnalysisTest.$init$$$anonfun$1$$anonfun$2[0m[1m([0m[1mGoldenAnalysisTest.scala[0m:[1m62[0m[1m)[0m
[90m    at [0m[90mjava.util.stream.ForEachOps$ForEachOp$OfRef.accept[0m[90m([0m[90mForEachOps.java[0m:[90m184[0m[90m)[0m
[90m    at [0m[90mjava.util.stream.ReferencePipeline$2$1.accept[0m[90m([0m[90mReferencePipeline.java[0m:[90m179[0m[90m)[0m
[90m    at [0m[90mjava.util.Iterator.forEachRemaining[0m[90m([0m[90mIterator.java[0m:[90m133[0m[90m)[0m
[90m    at [0m[90mjava.util.Spliterators$IteratorSpliterator.forEachRemaining[0m[90m([0m[90mSpliterators.java[0m:[90m1939[0m[90m)[0m
[90m    at [0m[90mjava.util.stream.AbstractPipeline.copyInto[0m[90m([0m[90mAbstractPipeline.java[0m:[90m509[0m[90m)[0m
[90m    at [0m[90mjava.util.stream.AbstractPipeline.wrapAndCopyInto[0m[90m([0m[90mAbstractPipeline.java[0m:[90m499[0m[90m)[0m
[90m    at [0m[90mjava.util.stream.ForEachOps$ForEachOp.evaluateSequential[0m[90m([0m[90mForEachOps.java[0m:[90m151[0m[90m)[0m
[90m    at [0m[90mjava.util.stream.ForEachOps$ForEachOp$OfRef.evaluateSequential[0m[90m([0m[90mForEachOps.java[0m:[90m174[0m[90m)[0m
[90m    at [0m[90mjava.util.stream.AbstractPipeline.evaluate[0m[90m([0m[90mAbstractPipeline.java[0m:[90m234[0m[90m)[0m
[90m    at [0m[90mjava.util.stream.ReferencePipeline.forEach[0m[90m([0m[90mReferencePipeline.java[0m:[90m596[0m[90m)[0m
[1m    at [0m[1mchess.analysis.GoldenAnalysisTest.$init$$$anonfun$1[0m[1m([0m[1mGoldenAnalysisTest.scala[0m:[1m39[0m[1m)[0m
[error] Failed: Total 1, Failed 1, Errors 0, Passed 0
[error] Failed tests:
[error] 	chess.analysis.GoldenAnalysisTest
[error] (Test / testOnly) sbt.TestsFailedException: Tests unsuccessful
[error] Total time: 5 s, completed 2025. 12. 20. 오전 6:11:29
